Archive member included to satisfy reference by file (symbol)

c:/nxp/s32ds.3.5/s32ds/build_tools/gcc_v10.2/gcc-10.2-arm32-eabi/bin/../lib/gcc/arm-none-eabi/10.2.0/../../../../arm-none-eabi/lib/thumb/v7e-m+fp/hard\libc_nano.a(lib_a-memmove.o)
                              ./RTD/src/Siul2_Port_Ip.o (memmove)
c:/nxp/s32ds.3.5/s32ds/build_tools/gcc_v10.2/gcc-10.2-arm32-eabi/bin/../lib/gcc/arm-none-eabi/10.2.0/../../../../arm-none-eabi/lib/thumb/v7e-m+fp/hard\libc_nano.a(lib_a-memset.o)
                              ./Project_Settings/Startup_Code/startup.o (memset)
c:/nxp/s32ds.3.5/s32ds/build_tools/gcc_v10.2/gcc-10.2-arm32-eabi/bin/../lib/gcc/arm-none-eabi/10.2.0/../../../../arm-none-eabi/lib/thumb/v7e-m+fp/hard\libc_nano.a(lib_a-strlen.o)
                              ./src/main.o (strlen)

Discarded input sections

 .group         0x00000000        0xc ./Project_Settings/Startup_Code/exceptions.o
 .group         0x00000000        0xc ./Project_Settings/Startup_Code/exceptions.o
 .group         0x00000000        0xc ./Project_Settings/Startup_Code/exceptions.o
 .group         0x00000000        0xc ./Project_Settings/Startup_Code/exceptions.o
 .group         0x00000000        0xc ./Project_Settings/Startup_Code/exceptions.o
 .group         0x00000000        0xc ./Project_Settings/Startup_Code/exceptions.o
 .group         0x00000000        0xc ./Project_Settings/Startup_Code/exceptions.o
 .group         0x00000000        0xc ./Project_Settings/Startup_Code/exceptions.o
 .group         0x00000000        0xc ./Project_Settings/Startup_Code/exceptions.o
 .group         0x00000000        0xc ./Project_Settings/Startup_Code/exceptions.o
 .group         0x00000000        0xc ./Project_Settings/Startup_Code/exceptions.o
 .group         0x00000000        0xc ./Project_Settings/Startup_Code/exceptions.o
 .group         0x00000000        0xc ./Project_Settings/Startup_Code/exceptions.o
 .group         0x00000000        0xc ./Project_Settings/Startup_Code/exceptions.o
 .group         0x00000000        0xc ./Project_Settings/Startup_Code/exceptions.o
 .group         0x00000000        0xc ./Project_Settings/Startup_Code/exceptions.o
 .group         0x00000000        0xc ./Project_Settings/Startup_Code/exceptions.o
 .group         0x00000000        0xc ./Project_Settings/Startup_Code/exceptions.o
 .group         0x00000000        0xc ./Project_Settings/Startup_Code/exceptions.o
 .group         0x00000000        0xc ./Project_Settings/Startup_Code/exceptions.o
 .group         0x00000000        0xc ./Project_Settings/Startup_Code/exceptions.o
 .group         0x00000000        0xc ./Project_Settings/Startup_Code/exceptions.o
 .group         0x00000000        0xc ./Project_Settings/Startup_Code/exceptions.o
 .group         0x00000000        0xc ./Project_Settings/Startup_Code/exceptions.o
 .group         0x00000000        0xc ./Project_Settings/Startup_Code/exceptions.o
 .group         0x00000000        0xc ./Project_Settings/Startup_Code/exceptions.o
 .group         0x00000000        0xc ./Project_Settings/Startup_Code/nvic.o
 .group         0x00000000        0xc ./Project_Settings/Startup_Code/nvic.o
 .group         0x00000000        0xc ./Project_Settings/Startup_Code/nvic.o
 .group         0x00000000        0xc ./Project_Settings/Startup_Code/nvic.o
 .group         0x00000000        0xc ./Project_Settings/Startup_Code/nvic.o
 .group         0x00000000        0xc ./Project_Settings/Startup_Code/nvic.o
 .group         0x00000000        0xc ./Project_Settings/Startup_Code/nvic.o
 .group         0x00000000        0xc ./Project_Settings/Startup_Code/nvic.o
 .group         0x00000000        0xc ./Project_Settings/Startup_Code/nvic.o
 .group         0x00000000        0xc ./Project_Settings/Startup_Code/nvic.o
 .group         0x00000000        0xc ./Project_Settings/Startup_Code/nvic.o
 .group         0x00000000        0xc ./Project_Settings/Startup_Code/nvic.o
 .group         0x00000000        0xc ./Project_Settings/Startup_Code/nvic.o
 .group         0x00000000        0xc ./Project_Settings/Startup_Code/nvic.o
 .group         0x00000000        0xc ./Project_Settings/Startup_Code/nvic.o
 .group         0x00000000        0xc ./Project_Settings/Startup_Code/nvic.o
 .group         0x00000000        0xc ./Project_Settings/Startup_Code/nvic.o
 .group         0x00000000        0xc ./Project_Settings/Startup_Code/nvic.o
 .group         0x00000000        0xc ./Project_Settings/Startup_Code/nvic.o
 .group         0x00000000        0xc ./Project_Settings/Startup_Code/nvic.o
 .group         0x00000000        0xc ./Project_Settings/Startup_Code/nvic.o
 .group         0x00000000        0xc ./Project_Settings/Startup_Code/nvic.o
 .group         0x00000000        0xc ./Project_Settings/Startup_Code/nvic.o
 .group         0x00000000        0xc ./Project_Settings/Startup_Code/nvic.o
 .group         0x00000000        0xc ./Project_Settings/Startup_Code/nvic.o
 .group         0x00000000        0xc ./Project_Settings/Startup_Code/nvic.o
[...]
Memory Configuration

Name             Origin             Length             Attributes
int_pflash       0x00400000         0x001d4000
int_dflash       0x10000000         0x00020000
int_itcm         0x00000000         0x00008000
int_dtcm         0x20000000         0x0000f000
int_stack_dtcm   0x2000f000         0x00001000
int_sram         0x20400000         0x00007f00
int_sram_fls_rsv 0x20407f00         0x00000100
int_sram_no_cacheable 0x20408000         0x00007f00
int_sram_results 0x2040ff00         0x00000100
int_sram_shareable 0x20410000         0x00008000
ram_rsvd2        0x20418000         0x00000000
*default*        0x00000000         0xffffffff

Linker script and memory map

LOAD ./Project_Settings/Startup_Code/Vector_Table.o
LOAD ./Project_Settings/Startup_Code/exceptions.o
LOAD ./Project_Settings/Startup_Code/nvic.o
LOAD ./Project_Settings/Startup_Code/startup.o
LOAD ./Project_Settings/Startup_Code/startup_cm7.o
LOAD ./Project_Settings/Startup_Code/system.o
LOAD ./RTD/src/Clock_Ip.o
LOAD ./RTD/src/Clock_Ip_Data.o
LOAD ./RTD/src/Clock_Ip_Divider.o
LOAD ./RTD/src/Clock_Ip_DividerTrigger.o
LOAD ./RTD/src/Clock_Ip_ExtOsc.o
LOAD ./RTD/src/Clock_Ip_FracDiv.o
LOAD ./RTD/src/Clock_Ip_Frequency.o
LOAD ./RTD/src/Clock_Ip_Gate.o
LOAD ./RTD/src/Clock_Ip_IntOsc.o
LOAD ./RTD/src/Clock_Ip_Irq.o
LOAD ./RTD/src/Clock_Ip_Monitor.o
LOAD ./RTD/src/Clock_Ip_Pll.o
LOAD ./RTD/src/Clock_Ip_ProgFreqSwitch.o
LOAD ./RTD/src/Clock_Ip_Selector.o
LOAD ./RTD/src/Clock_Ip_Specific.o
LOAD ./RTD/src/Det.o
LOAD ./RTD/src/Det_stub.o
LOAD ./RTD/src/Igf_Port_Ip.o
LOAD ./RTD/src/IntCtrl_Ip.o
LOAD ./RTD/src/Lpuart_Uart_Ip.o
LOAD ./RTD/src/Lpuart_Uart_Ip_Irq.o
LOAD ./RTD/src/OsIf_Interrupts.o
LOAD ./RTD/src/OsIf_Timer.o
LOAD ./RTD/src/OsIf_Timer_System.o
LOAD ./RTD/src/OsIf_Timer_System_Internal_Systick.o
LOAD ./RTD/src/SchM_Dio.o
LOAD ./RTD/src/SchM_Gpt.o
LOAD ./RTD/src/SchM_Mcu.o
LOAD ./RTD/src/SchM_Port.o
LOAD ./RTD/src/SchM_Uart.o
LOAD ./RTD/src/Siul2_Dio_Ip.o
LOAD ./RTD/src/Siul2_Port_Ip.o
LOAD ./RTD/src/Stm_Ip.o
LOAD ./RTD/src/Tspc_Port_Ip.o
LOAD ./board/Siul2_Port_Ip_Cfg.o
LOAD ./board/Tspc_Port_Ip_Cfg.o
LOAD ./generate/src/Clock_Ip_Cfg.o
LOAD ./generate/src/Igf_Port_Ip_Cfg.o
LOAD ./generate/src/IntCtrl_Ip_Cfg.o
LOAD ./generate/src/Lpuart_Uart_Ip_Sa_PBcfg.o
LOAD ./generate/src/OsIf_Cfg.o
LOAD ./generate/src/Stm_Ip_PBcfg.o
LOAD ./src/main.o
LOAD c:/nxp/s32ds.3.5/s32ds/build_tools/gcc_v10.2/gcc-10.2-arm32-eabi/bin/../lib/gcc/arm-none-eabi/10.2.0/../../../../arm-none-eabi/lib/thumb/v7e-m+fp/hard\libc_nano.a
LOAD c:/nxp/s32ds.3.5/s32ds/build_tools/gcc_v10.2/gcc-10.2-arm32-eabi/bin/../lib/gcc/arm-none-eabi/10.2.0/../../../../arm-none-eabi/lib/thumb/v7e-m+fp/hard\libm.a
LOAD c:/nxp/s32ds.3.5/s32ds/build_tools/gcc_v10.2/gcc-10.2-arm32-eabi/bin/../lib/gcc/arm-none-eabi/10.2.0/thumb/v7e-m+fp/hard\libgcc.a
START GROUP
LOAD c:/nxp/s32ds.3.5/s32ds/build_tools/gcc_v10.2/gcc-10.2-arm32-eabi/bin/../lib/gcc/arm-none-eabi/10.2.0/thumb/v7e-m+fp/hard\libgcc.a
LOAD c:/nxp/s32ds.3.5/s32ds/build_tools/gcc_v10.2/gcc-10.2-arm32-eabi/bin/../lib/gcc/arm-none-eabi/10.2.0/../../../../arm-none-eabi/lib/thumb/v7e-m+fp/hard\libg_nano.a
LOAD c:/nxp/s32ds.3.5/s32ds/build_tools/gcc_v10.2/gcc-10.2-arm32-eabi/bin/../lib/gcc/arm-none-eabi/10.2.0/../../../../arm-none-eabi/lib/thumb/v7e-m+fp/hard\libc_nano.a
END GROUP
START GROUP
LOAD c:/nxp/s32ds.3.5/s32ds/build_tools/gcc_v10.2/gcc-10.2-arm32-eabi/bin/../lib/gcc/arm-none-eabi/10.2.0/thumb/v7e-m+fp/hard\libgcc.a
LOAD c:/nxp/s32ds.3.5/s32ds/build_tools/gcc_v10.2/gcc-10.2-arm32-eabi/bin/../lib/gcc/arm-none-eabi/10.2.0/../../../../arm-none-eabi/lib/thumb/v7e-m+fp/hard\libc_nano.a
LOAD c:/nxp/s32ds.3.5/s32ds/build_tools/gcc_v10.2/gcc-10.2-arm32-eabi/bin/../lib/gcc/arm-none-eabi/10.2.0/../../../../arm-none-eabi/lib/thumb/v7e-m+fp/hard\libnosys.a
END GROUP
START GROUP
LOAD c:/nxp/s32ds.3.5/s32ds/build_tools/gcc_v10.2/gcc-10.2-arm32-eabi/bin/../lib/gcc/arm-none-eabi/10.2.0/thumb/v7e-m+fp/hard\libgcc.a
LOAD c:/nxp/s32ds.3.5/s32ds/build_tools/gcc_v10.2/gcc-10.2-arm32-eabi/bin/../lib/gcc/arm-none-eabi/10.2.0/../../../../arm-none-eabi/lib/thumb/v7e-m+fp/hard\libc_nano.a
LOAD c:/nxp/s32ds.3.5/s32ds/build_tools/gcc_v10.2/gcc-10.2-arm32-eabi/bin/../lib/gcc/arm-none-eabi/10.2.0/../../../../arm-none-eabi/lib/thumb/v7e-m+fp/hard\libnosys.a
END GROUP
                0x00000200                HEAP_SIZE = DEFINED (__heap_size__)?__heap_size__:0x200
                0x20407fff                __STANDBY_RAM_LIMIT_END = 0x20407fff

.pflash         0x00400000     0x857c
 *(.boot_header)
 .boot_header   0x00400000       0x30 ./Project_Settings/Startup_Code/startup_cm7.o
                0x00400800                . = ALIGN (0x800)
 *fill*         0x00400030      0x7d0 
                0x00400800                __text_start = .
                0x00400800                __interrupts_init_start = .
 *(.intc_vector)
 .intc_vector   0x00400800      0x408 ./Project_Settings/Startup_Code/Vector_Table.o
                0x00400800                VTABLE
                0x00400c08                . = ALIGN (0x4)
                0x00400c08                __interrupts_init_end = .
 *(.core_loop)
 .core_loop     0x00400c08        0xc ./Project_Settings/Startup_Code/startup_cm7.o
                0x00400c08                _core_loop
                0x00400c14                . = ALIGN (0x4)
 *(.startup)
 *fill*         0x00400c14        0xc 
 .startup       0x00400c20      0x1dc ./Project_Settings/Startup_Code/startup_cm7.o
                0x00400c20                Reset_Handler
                0x00400c20                _start
                0x00400d8c                MCAL_LTB_TRACE_OFF
                0x00400d8e                _end_of_eunit_test
                0x00400dfc                . = ALIGN (0x4)
 *(.systeminit)
                0x00400dfc                . = ALIGN (0x4)
 *(.text.startup)
 .text.startup  0x00400dfc       0x90 ./src/main.o
                0x00400dfc                main
                0x00400e8c                . = ALIGN (0x4)
 *(.text)
 .text          0x00400e8c        0x0 ./Project_Settings/Startup_Code/Vector_Table.o
 .text          0x00400e8c        0x0 ./Project_Settings/Startup_Code/exceptions.o
 .text          0x00400e8c        0x0 ./Project_Settings/Startup_Code/nvic.o
 .text          0x00400e8c        0x0 ./Project_Settings/Startup_Code/startup.o
 .text          0x00400e8c        0x0 ./Project_Settings/Startup_Code/startup_cm7.o
 .text          0x00400e8c       0x10 ./Project_Settings/Startup_Code/system.o
                0x00400e8c                Sys_GetCoreID
 .text          0x00400e9c        0x0 ./RTD/src/Clock_Ip.o
 .text          0x00400e9c        0x0 ./RTD/src/Clock_Ip_Data.o
 .text          0x00400e9c        0x0 ./RTD/src/Clock_Ip_Divider.o
 .text          0x00400e9c        0x0 ./RTD/src/Clock_Ip_DividerTrigger.o
 .text          0x00400e9c        0x0 ./RTD/src/Clock_Ip_ExtOsc.o
 .text          0x00400e9c        0x0 ./RTD/src/Clock_Ip_FracDiv.o
 .text          0x00400e9c        0x0 ./RTD/src/Clock_Ip_Frequency.o
 .text          0x00400e9c        0x0 ./RTD/src/Clock_Ip_Gate.o
 .text          0x00400e9c        0x0 ./RTD/src/Clock_Ip_IntOsc.o
 .text          0x00400e9c        0x0 ./RTD/src/Clock_Ip_Irq.o
 .text          0x00400e9c        0x0 ./RTD/src/Clock_Ip_Monitor.o
 .text          0x00400e9c        0x0 ./RTD/src/Clock_Ip_Pll.o
 .text          0x00400e9c        0x0 ./RTD/src/Clock_Ip_ProgFreqSwitch.o
 .text          0x00400e9c        0x0 ./RTD/src/Clock_Ip_Selector.o
 .text          0x00400e9c        0x0 ./RTD/src/Clock_Ip_Specific.o
 .text          0x00400e9c        0x0 ./RTD/src/Det.o
 .text          0x00400e9c        0x0 ./RTD/src/Det_stub.o
 .text          0x00400e9c        0x0 ./RTD/src/Igf_Port_Ip.o
 .text          0x00400e9c        0x0 ./RTD/src/IntCtrl_Ip.o
 .text          0x00400e9c        0x0 ./RTD/src/Lpuart_Uart_Ip.o
 .text          0x00400e9c        0x0 ./RTD/src/Lpuart_Uart_Ip_Irq.o
 .text          0x00400e9c        0x0 ./RTD/src/OsIf_Interrupts.o
 .text          0x00400e9c        0x0 ./RTD/src/OsIf_Timer.o
 .text          0x00400e9c        0x0 ./RTD/src/OsIf_Timer_System.o
 .text          0x00400e9c        0x0 ./RTD/src/OsIf_Timer_System_Internal_Systick.o
 .text          0x00400e9c        0x6 ./RTD/src/SchM_Dio.o
                0x00400e9c                Dio_schm_read_msr
 .text          0x00400ea2        0x6 ./RTD/src/SchM_Gpt.o
                0x00400ea2                Gpt_schm_read_msr
 .text          0x00400ea8        0x6 ./RTD/src/SchM_Mcu.o
                0x00400ea8                Mcu_schm_read_msr
 .text          0x00400eae        0x6 ./RTD/src/SchM_Port.o
                0x00400eae                Port_schm_read_msr
 .text          0x00400eb4        0x6 ./RTD/src/SchM_Uart.o
                0x00400eb4                Uart_schm_read_msr
 .text          0x00400eba        0x0 ./RTD/src/Siul2_Dio_Ip.o
 .text          0x00400eba        0x0 ./RTD/src/Siul2_Port_Ip.o
 .text          0x00400eba        0x0 ./RTD/src/Stm_Ip.o
 .text          0x00400eba        0x0 ./RTD/src/Tspc_Port_Ip.o
 .text          0x00400eba        0x0 ./board/Siul2_Port_Ip_Cfg.o
 .text          0x00400eba        0x0 ./board/Tspc_Port_Ip_Cfg.o
 .text          0x00400eba        0x0 ./generate/src/Clock_Ip_Cfg.o
 .text          0x00400eba        0x0 ./generate/src/Igf_Port_Ip_Cfg.o
 .text          0x00400eba        0x0 ./generate/src/IntCtrl_Ip_Cfg.o
 .text          0x00400eba        0x0 ./generate/src/Lpuart_Uart_Ip_Sa_PBcfg.o
 .text          0x00400eba        0x0 ./generate/src/OsIf_Cfg.o
 .text          0x00400eba        0x0 ./generate/src/Stm_Ip_PBcfg.o
 *fill*         0x00400eba        0x2 
 .text          0x00400ebc      0x14c ./src/main.o
                0x00400ebc                STM_Init
                0x00400f00                Stm0_Ch0_Callback
                0x00400f30                LED_Init
                0x00400f54                delayMS
                0x00400f80                LPUART_Init
                0x00400fbc                UART_Error_Handler
 .text          0x00401008        0x0 c:/nxp/s32ds.3.5/s32ds/build_tools/gcc_v10.2/gcc-10.2-arm32-eabi/bin/../lib/gcc/arm-none-eabi/10.2.0/../../../../arm-none-eabi/lib/thumb/v7e-m+fp/hard\libc_nano.a(lib_a-memmove.o)
 .text          0x00401008        0x0 c:/nxp/s32ds.3.5/s32ds/build_tools/gcc_v10.2/gcc-10.2-arm32-eabi/bin/../lib/gcc/arm-none-eabi/10.2.0/../../../../arm-none-eabi/lib/thumb/v7e-m+fp/hard\libc_nano.a(lib_a-memset.o)
 .text          0x00401008       0x10 c:/nxp/s32ds.3.5/s32ds/build_tools/gcc_v10.2/gcc-10.2-arm32-eabi/bin/../lib/gcc/arm-none-eabi/10.2.0/../../../../arm-none-eabi/lib/thumb/v7e-m+fp/hard\libc_nano.a(lib_a-strlen.o)
                0x00401008                strlen
 *(.text*)
 .text.memmove  0x00401018       0x34 c:/nxp/s32ds.3.5/s32ds/build_tools/gcc_v10.2/gcc-10.2-arm32-eabi/bin/../lib/gcc/arm-none-eabi/10.2.0/../../../../arm-none-eabi/lib/thumb/v7e-m+fp/hard\libc_nano.a(lib_a-memmove.o)
                0x00401018                memmove
 .text.memset   0x0040104c       0x10 c:/nxp/s32ds.3.5/s32ds/build_tools/gcc_v10.2/gcc-10.2-arm32-eabi/bin/../lib/gcc/arm-none-eabi/10.2.0/../../../../arm-none-eabi/lib/thumb/v7e-m+fp/hard\libc_nano.a(lib_a-memset.o)
                0x0040104c                memset
                0x0040105c                . = ALIGN (0x4)
 *(.mcal_text)
 .mcal_text     0x0040105c       0x14 ./Project_Settings/Startup_Code/exceptions.o
                0x0040105c                NMI_Handler
                0x0040105e                HardFault_Handler
                0x00401060                MemManage_Handler
                0x00401062                BusFault_Handler
                0x00401064                UsageFault_Handler
                0x00401066                SVC_Handler
                0x00401068                DebugMon_Handler
                0x0040106a                PendSV_Handler
                0x0040106c                SysTick_Handler
                0x0040106e                undefined_handler
 .mcal_text     0x00401070       0x52 ./Project_Settings/Startup_Code/nvic.o
                0x00401070                NVIC_SetPriorityGrouping
                0x00401084                NVIC_EnableIRQ
                0x0040109c                NVIC_DisableIRQ
                0x004010b4                NVIC_SetPriority
 *fill*         0x004010c2        0x2 
 .mcal_text     0x004010c4       0xe8 ./Project_Settings/Startup_Code/startup.o
                0x004010c4                init_data_bss
                0x00401150                init_data_bss_core2
 .mcal_text     0x004011ac      0x2ec ./Project_Settings/Startup_Code/system.o
                0x004011ac                startup_go_to_user_mode
                0x004011ae                default_interrupt_routine
                0x004011b0                SystemInit
 .mcal_text     0x00401498      0x88c ./RTD/src/Clock_Ip.o
                0x0040149a                Clock_Ip_InitClock
                0x00401a48                Clock_Ip_GetPllStatus
                0x00401aec                Clock_Ip_DistributePll
                0x00401bd8                Clock_Ip_Init
                0x00401bfc                Clock_Ip_DisableClockMonitor
                0x00401c20                Clock_Ip_InstallNotificationsCallback
                0x00401c2c                Clock_Ip_DisableModuleClock
                0x00401c54                Clock_Ip_EnableModuleClock
                0x00401c7c                Clock_Ip_DisableFircInStandby
                0x00401c94                Clock_Ip_EnableFircInStandby
                0x00401cac                Clock_Ip_DisableSircInStandby
                0x00401cc4                Clock_Ip_EnableSircInStandby
                0x00401cdc                Clock_Ip_ReportClockErrors
                0x00401ce8                Clock_Ip_StartTimeout
                0x00401d08                Clock_Ip_TimeoutExpired
 .mcal_text     0x00401d24      0x120 ./RTD/src/Clock_Ip_Divider.o
 .mcal_text     0x00401e44       0x9c ./RTD/src/Clock_Ip_DividerTrigger.o
 .mcal_text     0x00401ee0      0x1c4 ./RTD/src/Clock_Ip_ExtOsc.o
 .mcal_text     0x004020a4        0x6 ./RTD/src/Clock_Ip_FracDiv.o
 .mcal_text     0x004020aa        0x2 ./RTD/src/Clock_Ip_Frequency.o
                0x004020aa                Clock_Ip_SetExternalSignalFrequency
 .mcal_text     0x004020ac      0x128 ./RTD/src/Clock_Ip_Gate.o
 .mcal_text     0x004021d4      0x104 ./RTD/src/Clock_Ip_IntOsc.o
 .mcal_text     0x004022d8        0x4 ./RTD/src/Clock_Ip_Irq.o
                0x004022d8                Mcu_Cmu_ClockFail_IRQHandler
 .mcal_text     0x004022dc      0x204 ./RTD/src/Clock_Ip_Monitor.o
                0x00402488                Clock_Ip_CMU_GetInterruptStatus
                0x0040249c                Clock_Ip_CMU_ClockFailInt
 .mcal_text     0x004024e0      0x17c ./RTD/src/Clock_Ip_Pll.o
 .mcal_text     0x0040265c      0x154 ./RTD/src/Clock_Ip_ProgFreqSwitch.o
 .mcal_text     0x004027b0      0x3dc ./RTD/src/Clock_Ip_Selector.o
                0x00402b60                Clock_Ip_SetRtcRtccClksel_TrustedCall
 .mcal_text     0x00402b8c      0x2c8 ./RTD/src/Clock_Ip_Specific.o
                0x00402b8c                Clock_Ip_McMeEnterKey
                0x00402ba0                Clock_Ip_PowerClockIpModules
                0x00402da0                DisableFircInStandbyMode
                0x00402db0                EnableFircInStandbyMode
                0x00402dcc                DisableSircInStandbyMode
                0x00402ddc                EnableSircInStandbyMode
                0x00402df8                Clock_Ip_Command
                0x00402e48                Clock_Ip_FLASH_SetFlashIWS
                0x00402e4c                Clock_Ip_SetFlashWaitStates
                0x00402e50                Clock_Ip_SetRamWaitStates
 .mcal_text     0x00402e54       0xa4 ./RTD/src/Det.o
                0x00402e54                Det_Init
                0x00402e56                Det_ReportError
                0x00402e8c                Det_ReportRuntimeError
                0x00402ec0                Det_ReportTransientFault
                0x00402ef4                Det_Start
 .mcal_text     0x00402ef8      0x21c ./RTD/src/Det_stub.o
                0x00402ef8                Det_TestLastReportError
                0x00402f60                Det_TestLastReportRuntimeError
                0x00402fc8                Det_TestLastReportTransientFault
                0x00403030                Det_TestNoError
                0x0040307c                Det_TestNoRuntimeError
                0x004030c8                Det_TestNoTransientFault
 .mcal_text     0x00403114      0x15c ./RTD/src/IntCtrl_Ip.o
                0x00403114                IntCtrl_Ip_InstallHandlerPrivileged
                0x0040313a                IntCtrl_Ip_EnableIrqPrivileged
                0x00403152                IntCtrl_Ip_DisableIrqPrivileged
                0x0040316a                IntCtrl_Ip_SetPriorityPrivileged
                0x00403178                IntCtrl_Ip_GetPriorityPrivileged
                0x00403184                IntCtrl_Ip_ClearPendingPrivileged
                0x0040319c                IntCtrl_Ip_SetPendingPrivileged
                0x004031b4                IntCtrl_Ip_GetPendingPrivileged
                0x004031ce                IntCtrl_Ip_GetActivePrivileged
                0x004031e8                IntCtrl_Ip_Init
                0x00403238                IntCtrl_Ip_InstallHandler
                0x0040323c                IntCtrl_Ip_EnableIrq
                0x00403240                IntCtrl_Ip_DisableIrq
                0x00403244                IntCtrl_Ip_SetPriority
                0x00403248                IntCtrl_Ip_GetPriority
                0x0040324c                IntCtrl_Ip_ClearPending
                0x00403250                IntCtrl_Ip_SetPending
                0x00403254                IntCtrl_Ip_GetPending
                0x00403262                IntCtrl_Ip_GetActive
 .mcal_text     0x00403270      0xb6c ./RTD/src/Lpuart_Uart_Ip.o
                0x004034e0                Lpuart_Uart_Ip_Init
                0x004035d4                Lpuart_Uart_Ip_Deinit
                0x00403668                Lpuart_Uart_Ip_SyncSend
                0x0040372c                Lpuart_Uart_Ip_AsyncSend
                0x004037a4                Lpuart_Uart_Ip_GetTransmitStatus
                0x004037ec                Lpuart_Uart_Ip_AbortSendingData
                0x00403830                Lpuart_Uart_Ip_SyncReceive
                0x0040397c                Lpuart_Uart_Ip_AsyncReceive
                0x00403a2c                Lpuart_Uart_Ip_GetReceiveStatus
                0x00403a74                Lpuart_Uart_Ip_AbortReceivingData
                0x00403ac8                Lpuart_Uart_Ip_SetBaudRate
                0x00403b98                Lpuart_Uart_Ip_GetBaudRate
                0x00403ba8                Lpuart_Uart_Ip_SetTxBuffer
                0x00403bb8                Lpuart_Uart_Ip_SetRxBuffer
                0x00403bc8                Lpuart_Uart_Ip_IrqHandler
 .mcal_text     0x00403ddc        0x6 ./RTD/src/Lpuart_Uart_Ip_Irq.o
                0x00403ddc                LPUART_UART_IP_0_IRQHandler
 .mcal_text     0x00403de2       0x18 ./RTD/src/OsIf_Timer.o
                0x00403de2                OsIf_Init
                0x00403de4                OsIf_GetCounter
                0x00403de8                OsIf_GetElapsed
                0x00403df0                OsIf_SetTimerFrequency
                0x00403df2                OsIf_MicrosToTicks
 .mcal_text     0x00403dfa       0x42 ./RTD/src/OsIf_Timer_System_Internal_Systick.o
                0x00403dfa                OsIf_Timer_System_Internal_Init
                0x00403e10                OsIf_Timer_System_Internal_GetCounter
                0x00403e1c                OsIf_Timer_System_Internal_GetElapsed
 .mcal_text     0x00403e3c       0xc8 ./RTD/src/SchM_Dio.o
                0x00403e3c                SchM_Enter_Dio_DIO_EXCLUSIVE_AREA_00
                0x00403e70                SchM_Exit_Dio_DIO_EXCLUSIVE_AREA_00
                0x00403ea0                SchM_Enter_Dio_DIO_EXCLUSIVE_AREA_01
                0x00403ed4                SchM_Exit_Dio_DIO_EXCLUSIVE_AREA_01
 .mcal_text     0x00403f04     0x157c ./RTD/src/SchM_Gpt.o
                0x00403f04                SchM_Enter_Gpt_GPT_EXCLUSIVE_AREA_00
                0x00403f38                SchM_Exit_Gpt_GPT_EXCLUSIVE_AREA_00
                0x00403f68                SchM_Enter_Gpt_GPT_EXCLUSIVE_AREA_01
                0x00403f9c                SchM_Exit_Gpt_GPT_EXCLUSIVE_AREA_01
                0x00403fcc                SchM_Enter_Gpt_GPT_EXCLUSIVE_AREA_02
                0x00404000                SchM_Exit_Gpt_GPT_EXCLUSIVE_AREA_02
                0x00404030                SchM_Enter_Gpt_GPT_EXCLUSIVE_AREA_03
                0x00404064                SchM_Exit_Gpt_GPT_EXCLUSIVE_AREA_03
                0x00404094                SchM_Enter_Gpt_GPT_EXCLUSIVE_AREA_04
                0x004040c8                SchM_Exit_Gpt_GPT_EXCLUSIVE_AREA_04
                0x004040f8                SchM_Enter_Gpt_GPT_EXCLUSIVE_AREA_05
                0x0040412c                SchM_Exit_Gpt_GPT_EXCLUSIVE_AREA_05
                0x0040415c                SchM_Enter_Gpt_GPT_EXCLUSIVE_AREA_06
                0x00404190                SchM_Exit_Gpt_GPT_EXCLUSIVE_AREA_06
                0x004041c0                SchM_Enter_Gpt_GPT_EXCLUSIVE_AREA_07
                0x004041f4                SchM_Exit_Gpt_GPT_EXCLUSIVE_AREA_07
                0x00404224                SchM_Enter_Gpt_GPT_EXCLUSIVE_AREA_10
                0x00404258                SchM_Exit_Gpt_GPT_EXCLUSIVE_AREA_10
                0x00404288                SchM_Enter_Gpt_GPT_EXCLUSIVE_AREA_11
                0x004042bc                SchM_Exit_Gpt_GPT_EXCLUSIVE_AREA_11
                0x004042ec                SchM_Enter_Gpt_GPT_EXCLUSIVE_AREA_12
                0x00404320                SchM_Exit_Gpt_GPT_EXCLUSIVE_AREA_12
                0x00404350                SchM_Enter_Gpt_GPT_EXCLUSIVE_AREA_17
                0x00404384                SchM_Exit_Gpt_GPT_EXCLUSIVE_AREA_17
                0x004043b4                SchM_Enter_Gpt_GPT_EXCLUSIVE_AREA_21
                0x004043e8                SchM_Exit_Gpt_GPT_EXCLUSIVE_AREA_21
                0x00404418                SchM_Enter_Gpt_GPT_EXCLUSIVE_AREA_22
                0x0040444c                SchM_Exit_Gpt_GPT_EXCLUSIVE_AREA_22
                0x0040447c                SchM_Enter_Gpt_GPT_EXCLUSIVE_AREA_23
                0x004044b0                SchM_Exit_Gpt_GPT_EXCLUSIVE_AREA_23
                0x004044e0                SchM_Enter_Gpt_GPT_EXCLUSIVE_AREA_24
                0x00404514                SchM_Exit_Gpt_GPT_EXCLUSIVE_AREA_24
                0x00404544                SchM_Enter_Gpt_GPT_EXCLUSIVE_AREA_25
                0x00404578                SchM_Exit_Gpt_GPT_EXCLUSIVE_AREA_25
                0x004045a8                SchM_Enter_Gpt_GPT_EXCLUSIVE_AREA_26
                0x004045dc                SchM_Exit_Gpt_GPT_EXCLUSIVE_AREA_26
                0x0040460c                SchM_Enter_Gpt_GPT_EXCLUSIVE_AREA_27
                0x00404640                SchM_Exit_Gpt_GPT_EXCLUSIVE_AREA_27
                0x00404670                SchM_Enter_Gpt_GPT_EXCLUSIVE_AREA_28
                0x004046a4                SchM_Exit_Gpt_GPT_EXCLUSIVE_AREA_28
                0x004046d4                SchM_Enter_Gpt_GPT_EXCLUSIVE_AREA_29
                0x00404708                SchM_Exit_Gpt_GPT_EXCLUSIVE_AREA_29
                0x00404738                SchM_Enter_Gpt_GPT_EXCLUSIVE_AREA_30
                0x0040476c                SchM_Exit_Gpt_GPT_EXCLUSIVE_AREA_30
                0x0040479c                SchM_Enter_Gpt_GPT_EXCLUSIVE_AREA_31
                0x004047d0                SchM_Exit_Gpt_GPT_EXCLUSIVE_AREA_31
                0x00404800                SchM_Enter_Gpt_GPT_EXCLUSIVE_AREA_35
                0x00404834                SchM_Exit_Gpt_GPT_EXCLUSIVE_AREA_35
                0x00404864                SchM_Enter_Gpt_GPT_EXCLUSIVE_AREA_36
                0x00404898                SchM_Exit_Gpt_GPT_EXCLUSIVE_AREA_36
                0x004048c8                SchM_Enter_Gpt_GPT_EXCLUSIVE_AREA_38
                0x004048fc                SchM_Exit_Gpt_GPT_EXCLUSIVE_AREA_38
                0x0040492c                SchM_Enter_Gpt_GPT_EXCLUSIVE_AREA_39
                0x00404960                SchM_Exit_Gpt_GPT_EXCLUSIVE_AREA_39
                0x00404990                SchM_Enter_Gpt_GPT_EXCLUSIVE_AREA_40
                0x004049c4                SchM_Exit_Gpt_GPT_EXCLUSIVE_AREA_40
                0x004049f4                SchM_Enter_Gpt_GPT_EXCLUSIVE_AREA_41
                0x00404a28                SchM_Exit_Gpt_GPT_EXCLUSIVE_AREA_41
                0x00404a58                SchM_Enter_Gpt_GPT_EXCLUSIVE_AREA_42
                0x00404a8c                SchM_Exit_Gpt_GPT_EXCLUSIVE_AREA_42
                0x00404abc                SchM_Enter_Gpt_GPT_EXCLUSIVE_AREA_43
                0x00404af0                SchM_Exit_Gpt_GPT_EXCLUSIVE_AREA_43
                0x00404b20                SchM_Enter_Gpt_GPT_EXCLUSIVE_AREA_44
                0x00404b54                SchM_Exit_Gpt_GPT_EXCLUSIVE_AREA_44
                0x00404b84                SchM_Enter_Gpt_GPT_EXCLUSIVE_AREA_45
                0x00404bb8                SchM_Exit_Gpt_GPT_EXCLUSIVE_AREA_45
                0x00404be8                SchM_Enter_Gpt_GPT_EXCLUSIVE_AREA_46
                0x00404c1c                SchM_Exit_Gpt_GPT_EXCLUSIVE_AREA_46
                0x00404c4c                SchM_Enter_Gpt_GPT_EXCLUSIVE_AREA_50
                0x00404c80                SchM_Exit_Gpt_GPT_EXCLUSIVE_AREA_50
                0x00404cb0                SchM_Enter_Gpt_GPT_EXCLUSIVE_AREA_51
                0x00404ce4                SchM_Exit_Gpt_GPT_EXCLUSIVE_AREA_51
                0x00404d14                SchM_Enter_Gpt_GPT_EXCLUSIVE_AREA_52
                0x00404d48                SchM_Exit_Gpt_GPT_EXCLUSIVE_AREA_52
                0x00404d78                SchM_Enter_Gpt_GPT_EXCLUSIVE_AREA_53
                0x00404dac                SchM_Exit_Gpt_GPT_EXCLUSIVE_AREA_53
                0x00404ddc                SchM_Enter_Gpt_GPT_EXCLUSIVE_AREA_54
                0x00404e10                SchM_Exit_Gpt_GPT_EXCLUSIVE_AREA_54
                0x00404e40                SchM_Enter_Gpt_GPT_EXCLUSIVE_AREA_55
                0x00404e74                SchM_Exit_Gpt_GPT_EXCLUSIVE_AREA_55
                0x00404ea4                SchM_Enter_Gpt_GPT_EXCLUSIVE_AREA_56
                0x00404ed8                SchM_Exit_Gpt_GPT_EXCLUSIVE_AREA_56
                0x00404f08                SchM_Enter_Gpt_GPT_EXCLUSIVE_AREA_60
                0x00404f3c                SchM_Exit_Gpt_GPT_EXCLUSIVE_AREA_60
                0x00404f6c                SchM_Enter_Gpt_GPT_EXCLUSIVE_AREA_61
                0x00404fa0                SchM_Exit_Gpt_GPT_EXCLUSIVE_AREA_61
                0x00404fd0                SchM_Enter_Gpt_GPT_EXCLUSIVE_AREA_62
                0x00405004                SchM_Exit_Gpt_GPT_EXCLUSIVE_AREA_62
                0x00405034                SchM_Enter_Gpt_GPT_EXCLUSIVE_AREA_63
                0x00405068                SchM_Exit_Gpt_GPT_EXCLUSIVE_AREA_63
                0x00405098                SchM_Enter_Gpt_GPT_EXCLUSIVE_AREA_64
                0x004050cc                SchM_Exit_Gpt_GPT_EXCLUSIVE_AREA_64
                0x004050fc                SchM_Enter_Gpt_GPT_EXCLUSIVE_AREA_65
                0x00405130                SchM_Exit_Gpt_GPT_EXCLUSIVE_AREA_65
                0x00405160                SchM_Enter_Gpt_GPT_EXCLUSIVE_AREA_66
                0x00405194                SchM_Exit_Gpt_GPT_EXCLUSIVE_AREA_66
                0x004051c4                SchM_Enter_Gpt_GPT_EXCLUSIVE_AREA_67
                0x004051f8                SchM_Exit_Gpt_GPT_EXCLUSIVE_AREA_67
                0x00405228                SchM_Enter_Gpt_GPT_EXCLUSIVE_AREA_68
                0x0040525c                SchM_Exit_Gpt_GPT_EXCLUSIVE_AREA_68
                0x0040528c                SchM_Enter_Gpt_GPT_EXCLUSIVE_AREA_69
                0x004052c0                SchM_Exit_Gpt_GPT_EXCLUSIVE_AREA_69
                0x004052f0                SchM_Enter_Gpt_GPT_EXCLUSIVE_AREA_70
                0x00405324                SchM_Exit_Gpt_GPT_EXCLUSIVE_AREA_70
                0x00405354                SchM_Enter_Gpt_GPT_EXCLUSIVE_AREA_71
                0x00405388                SchM_Exit_Gpt_GPT_EXCLUSIVE_AREA_71
                0x004053b8                SchM_Enter_Gpt_GPT_EXCLUSIVE_AREA_72
                0x004053ec                SchM_Exit_Gpt_GPT_EXCLUSIVE_AREA_72
                0x0040541c                SchM_Enter_Gpt_GPT_EXCLUSIVE_AREA_73
                0x00405450                SchM_Exit_Gpt_GPT_EXCLUSIVE_AREA_73
 .mcal_text     0x00405480      0x12c ./RTD/src/SchM_Mcu.o
                0x00405480                SchM_Enter_Mcu_MCU_EXCLUSIVE_AREA_00
                0x004054b4                SchM_Exit_Mcu_MCU_EXCLUSIVE_AREA_00
                0x004054e4                SchM_Enter_Mcu_MCU_EXCLUSIVE_AREA_01
                0x00405518                SchM_Exit_Mcu_MCU_EXCLUSIVE_AREA_01
                0x00405548                SchM_Enter_Mcu_MCU_EXCLUSIVE_AREA_02
                0x0040557c                SchM_Exit_Mcu_MCU_EXCLUSIVE_AREA_02
 .mcal_text     0x004055ac      0xaf0 ./RTD/src/SchM_Port.o
                0x004055ac                SchM_Enter_Port_PORT_EXCLUSIVE_AREA_00
                0x004055e0                SchM_Exit_Port_PORT_EXCLUSIVE_AREA_00
                0x00405610                SchM_Enter_Port_PORT_EXCLUSIVE_AREA_01
                0x00405644                SchM_Exit_Port_PORT_EXCLUSIVE_AREA_01
                0x00405674                SchM_Enter_Port_PORT_EXCLUSIVE_AREA_02
                0x004056a8                SchM_Exit_Port_PORT_EXCLUSIVE_AREA_02
                0x004056d8                SchM_Enter_Port_PORT_EXCLUSIVE_AREA_03
                0x0040570c                SchM_Exit_Port_PORT_EXCLUSIVE_AREA_03
                0x0040573c                SchM_Enter_Port_PORT_EXCLUSIVE_AREA_04
                0x00405770                SchM_Exit_Port_PORT_EXCLUSIVE_AREA_04
                0x004057a0                SchM_Enter_Port_PORT_EXCLUSIVE_AREA_05
                0x004057d4                SchM_Exit_Port_PORT_EXCLUSIVE_AREA_05
                0x00405804                SchM_Enter_Port_PORT_EXCLUSIVE_AREA_06
                0x00405838                SchM_Exit_Port_PORT_EXCLUSIVE_AREA_06
                0x00405868                SchM_Enter_Port_PORT_EXCLUSIVE_AREA_07
                0x0040589c                SchM_Exit_Port_PORT_EXCLUSIVE_AREA_07
                0x004058cc                SchM_Enter_Port_PORT_EXCLUSIVE_AREA_08
                0x00405900                SchM_Exit_Port_PORT_EXCLUSIVE_AREA_08
                0x00405930                SchM_Enter_Port_PORT_EXCLUSIVE_AREA_09
                0x00405964                SchM_Exit_Port_PORT_EXCLUSIVE_AREA_09
                0x00405994                SchM_Enter_Port_PORT_EXCLUSIVE_AREA_10
                0x004059c8                SchM_Exit_Port_PORT_EXCLUSIVE_AREA_10
                0x004059f8                SchM_Enter_Port_PORT_EXCLUSIVE_AREA_11
                0x00405a2c                SchM_Exit_Port_PORT_EXCLUSIVE_AREA_11
                0x00405a5c                SchM_Enter_Port_PORT_EXCLUSIVE_AREA_12
                0x00405a90                SchM_Exit_Port_PORT_EXCLUSIVE_AREA_12
                0x00405ac0                SchM_Enter_Port_PORT_EXCLUSIVE_AREA_13
                0x00405af4                SchM_Exit_Port_PORT_EXCLUSIVE_AREA_13
                0x00405b24                SchM_Enter_Port_PORT_EXCLUSIVE_AREA_14
                0x00405b58                SchM_Exit_Port_PORT_EXCLUSIVE_AREA_14
                0x00405b88                SchM_Enter_Port_PORT_EXCLUSIVE_AREA_15
                0x00405bbc                SchM_Exit_Port_PORT_EXCLUSIVE_AREA_15
                0x00405bec                SchM_Enter_Port_PORT_EXCLUSIVE_AREA_16
                0x00405c20                SchM_Exit_Port_PORT_EXCLUSIVE_AREA_16
                0x00405c50                SchM_Enter_Port_PORT_EXCLUSIVE_AREA_17
                0x00405c84                SchM_Exit_Port_PORT_EXCLUSIVE_AREA_17
                0x00405cb4                SchM_Enter_Port_PORT_EXCLUSIVE_AREA_18
                0x00405ce8                SchM_Exit_Port_PORT_EXCLUSIVE_AREA_18
                0x00405d18                SchM_Enter_Port_PORT_EXCLUSIVE_AREA_19
                0x00405d4c                SchM_Exit_Port_PORT_EXCLUSIVE_AREA_19
                0x00405d7c                SchM_Enter_Port_PORT_EXCLUSIVE_AREA_20
                0x00405db0                SchM_Exit_Port_PORT_EXCLUSIVE_AREA_20
                0x00405de0                SchM_Enter_Port_PORT_EXCLUSIVE_AREA_21
                0x00405e14                SchM_Exit_Port_PORT_EXCLUSIVE_AREA_21
                0x00405e44                SchM_Enter_Port_PORT_EXCLUSIVE_AREA_22
                0x00405e78                SchM_Exit_Port_PORT_EXCLUSIVE_AREA_22
                0x00405ea8                SchM_Enter_Port_PORT_EXCLUSIVE_AREA_23
                0x00405edc                SchM_Exit_Port_PORT_EXCLUSIVE_AREA_23
                0x00405f0c                SchM_Enter_Port_PORT_EXCLUSIVE_AREA_24
                0x00405f40                SchM_Exit_Port_PORT_EXCLUSIVE_AREA_24
                0x00405f70                SchM_Enter_Port_PORT_EXCLUSIVE_AREA_25
                0x00405fa4                SchM_Exit_Port_PORT_EXCLUSIVE_AREA_25
                0x00405fd4                SchM_Enter_Port_PORT_EXCLUSIVE_AREA_26
                0x00406008                SchM_Exit_Port_PORT_EXCLUSIVE_AREA_26
                0x00406038                SchM_Enter_Port_PORT_EXCLUSIVE_AREA_27
                0x0040606c                SchM_Exit_Port_PORT_EXCLUSIVE_AREA_27
 .mcal_text     0x0040609c      0x384 ./RTD/src/SchM_Uart.o
                0x0040609c                SchM_Enter_Uart_UART_EXCLUSIVE_AREA_00
                0x004060d0                SchM_Exit_Uart_UART_EXCLUSIVE_AREA_00
                0x00406100                SchM_Enter_Uart_UART_EXCLUSIVE_AREA_01
                0x00406134                SchM_Exit_Uart_UART_EXCLUSIVE_AREA_01
                0x00406164                SchM_Enter_Uart_UART_EXCLUSIVE_AREA_02
                0x00406198                SchM_Exit_Uart_UART_EXCLUSIVE_AREA_02
                0x004061c8                SchM_Enter_Uart_UART_EXCLUSIVE_AREA_03
                0x004061fc                SchM_Exit_Uart_UART_EXCLUSIVE_AREA_03
                0x0040622c                SchM_Enter_Uart_UART_EXCLUSIVE_AREA_04
                0x00406260                SchM_Exit_Uart_UART_EXCLUSIVE_AREA_04
                0x00406290                SchM_Enter_Uart_UART_EXCLUSIVE_AREA_05
                0x004062c4                SchM_Exit_Uart_UART_EXCLUSIVE_AREA_05
                0x004062f4                SchM_Enter_Uart_UART_EXCLUSIVE_AREA_06
                0x00406328                SchM_Exit_Uart_UART_EXCLUSIVE_AREA_06
                0x00406358                SchM_Enter_Uart_UART_EXCLUSIVE_AREA_07
                0x0040638c                SchM_Exit_Uart_UART_EXCLUSIVE_AREA_07
                0x004063bc                SchM_Enter_Uart_UART_EXCLUSIVE_AREA_08
                0x004063f0                SchM_Exit_Uart_UART_EXCLUSIVE_AREA_08
 .mcal_text     0x00406420      0x108 ./RTD/src/Siul2_Dio_Ip.o
                0x00406456                Siul2_Dio_Ip_WritePin
                0x00406486                Siul2_Dio_Ip_WritePins
                0x00406494                Siul2_Dio_Ip_GetPinsOutput
                0x0040649a                Siul2_Dio_Ip_SetPins
                0x004064ae                Siul2_Dio_Ip_ClearPins
                0x004064c4                Siul2_Dio_Ip_TogglePins
                0x004064d8                Siul2_Dio_Ip_ReadPins
                0x004064e0                Siul2_Dio_Ip_ReadPin
                0x004064fa                Siul2_Dio_Ip_MaskedWritePins
 .mcal_text     0x00406528      0x3bc ./RTD/src/Siul2_Port_Ip.o
                0x00406660                Siul2_Port_Ip_Init
                0x00406690                Siul2_Port_Ip_SetPullSel
                0x004066d2                Siul2_Port_Ip_SetOutputBuffer
                0x00406722                Siul2_Port_Ip_SetInputBuffer
                0x00406786                Siul2_Port_Ip_SetPinDirection
                0x004067e8                Siul2_Port_Ip_RevertPinConfiguration
                0x00406834                Siul2_Port_Ip_GetPinConfiguration
 .mcal_text     0x004068e4      0x300 ./RTD/src/Stm_Ip.o
                0x004068e4                Stm_Ip_Init
                0x00406930                Stm_Ip_InitChannel
                0x0040698c                Stm_Ip_Deinit
                0x004069e4                Stm_Ip_StartCounting
                0x00406a30                Stm_Ip_StartTimer
                0x00406a50                Stm_Ip_StopTimer
                0x00406a6c                Stm_Ip_EnableChannel
                0x00406a90                Stm_Ip_DisableChannel
                0x00406ab4                Stm_Ip_GetCounterValue
                0x00406ac0                Stm_Ip_GetCompareValue
                0x00406ace                Stm_Ip_ChangeNextTimeoutValue
                0x00406ae0                Stm_Ip_PredefCounting
                0x00406b34                STM_0_ISR
 .mcal_text     0x00406be4       0xb8 ./RTD/src/Tspc_Port_Ip.o
                0x00406be4                Tspc_Port_Ip_EnableObeGroup
                0x00406c0c                Tspc_Port_Ip_ConfigureObeGroup
                0x00406c9c                . = ALIGN (0x4)
 *(.acmcu_code_rom)
                0x00406c9c                . = ALIGN (0x4)
                0x00406c9c                __acfls_code_rom_start = .
 *(.acfls_code_rom)
 .acfls_code_rom
                0x00406c9c       0x40 ./RTD/src/Clock_Ip_Specific.o
                0x00406c9c                Clock_Ip_PRAMCSetRamIWS
 *fill*         0x00406cdc        0x4 
 .acfls_code_rom.__stub
                0x00406ce0        0x8 linker stubs
                0x00406ce8                . = ALIGN (0x4)
                0x00406ce8                __acfls_code_rom_end = .
 *(.init)
                0x00406ce8                . = ALIGN (0x4)
 *(.fini)
                0x00406ce8                . = ALIGN (0x4)
 *(.rodata)
 .rodata        0x00406ce8        0x3 ./RTD/src/Clock_Ip_IntOsc.o
 *fill*         0x00406ceb        0x1 
 .rodata        0x00406cec       0x30 ./RTD/src/Lpuart_Uart_Ip.o
 .rodata        0x00406d1c        0x4 ./RTD/src/Siul2_Port_Ip.o
                0x00406d1c                Port_au32Siul2BaseAddr
 *(.rodata*)
 .rodata.str1.1
                0x00406d20       0x11 ./src/main.o
                0x00406d34                . = ALIGN (0x4)
 *fill*         0x00406d31        0x3 
 *(.mcal_const_cfg)
 .mcal_const_cfg
                0x00406d34      0x3ac ./board/Siul2_Port_Ip_Cfg.o
                0x00406d34                g_pin_mux_InitConfigArr0
 .mcal_const_cfg
                0x004070e0      0x40c ./generate/src/Clock_Ip_Cfg.o
                0x004070e0                Clock_Ip_aClockConfig
 .mcal_const_cfg
                0x004074ec       0x14 ./generate/src/IntCtrl_Ip_Cfg.o
                0x004074ec                IntCtrlConfig_0
 .mcal_const_cfg
                0x00407500       0x28 ./generate/src/Lpuart_Uart_Ip_Sa_PBcfg.o
                0x00407500                Lpuart_Uart_Ip_xHwConfigPB_0
 .mcal_const_cfg
                0x00407528       0x12 ./generate/src/Stm_Ip_PBcfg.o
                0x00407528                STM_0_ChannelConfig_PB
                0x00407538                STM_0_InitConfig_PB
                0x0040753c                . = ALIGN (0x4)
 *fill*         0x0040753a        0x2 
 *(.mcal_const)
 .mcal_const    0x0040753c      0xe94 ./RTD/src/Clock_Ip_Data.o
                0x0040753c                Clock_Ip_axGateInfo
                0x00407c14                Clock_Ip_axFeatureExtensions
                0x00407e34                Clock_Ip_aeHwDfsName
                0x00407e38                Clock_Ip_aeHwPllName
                0x00407e3c                Clock_Ip_aeSourceTypeClockName
                0x00407e84                Clock_Ip_apxMcMeTriggerPartitions
                0x00407e94                Clock_Ip_apxMcMeGetPartitions
                0x00407ea4                Clock_Ip_apxMcMeSetPartitions
                0x00407eb4                Clock_Ip_axCmuInfo
                0x00407f24                Clock_Ip_aeCmuNames
                0x00407f40                Clock_Ip_apxCmu
                0x00407f5c                Clock_Ip_apxPll
                0x00407f6c                Clock_Ip_apxXosc
                0x00407f74                Clock_Ip_apxCgmPcfs
                0x00407f78                Clock_Ip_apxCgm
                0x00407fc8                Clock_Ip_au16SelectorEntryRtcHardwareValue
                0x00407fec                Clock_Ip_au16SelectorEntryHardwareValue
                0x00408010                Clock_Ip_au8SoftwareMuxResetValue
                0x00408067                Clock_Ip_au8ClockFeatures
                0x00408376                Clock_Ip_au8CmuCallbackIndex
                0x0040837f                Clock_Ip_au8PcfsCallbackIndex
                0x00408388                Clock_Ip_au8SelectorCallbackIndex
                0x00408391                Clock_Ip_au8PllCallbackIndex
                0x0040839a                Clock_Ip_au8FractionalDividerCallbackIndex
                0x004083a3                Clock_Ip_au8GateCallbackIndex
                0x004083ac                Clock_Ip_au8IrcoscCallbackIndex
                0x004083b5                Clock_Ip_au8XoscCallbackIndex
                0x004083be                Clock_Ip_au8DividerTriggerCallbackIndex
                0x004083c7                Clock_Ip_au8DividerCallbackIndex
 .mcal_const    0x004083d0       0x10 ./RTD/src/Clock_Ip_Divider.o
                0x004083d0                Clock_Ip_axDividerCallbacks
 .mcal_const    0x004083e0       0x10 ./RTD/src/Clock_Ip_DividerTrigger.o
                0x004083e0                Clock_Ip_axDividerTriggerCallbacks
 .mcal_const    0x004083f0       0x3c ./RTD/src/Clock_Ip_ExtOsc.o
                0x004083f0                Clock_Ip_axExtOscCallbacks
 .mcal_const    0x0040842c        0xc ./RTD/src/Clock_Ip_FracDiv.o
                0x0040842c                Clock_Ip_axFracDivCallbacks
 .mcal_const    0x00408438       0x10 ./RTD/src/Clock_Ip_Gate.o
                0x00408438                Clock_Ip_axGateCallbacks
 .mcal_const    0x00408448       0x30 ./RTD/src/Clock_Ip_IntOsc.o
                0x00408448                Clock_Ip_axIntOscCallbacks
 .mcal_const    0x00408478       0x20 ./RTD/src/Clock_Ip_Monitor.o
                0x00408478                Clock_Ip_axCmuCallbacks
 .mcal_const    0x00408498       0x28 ./RTD/src/Clock_Ip_Pll.o
                0x00408498                Clock_Ip_axPllCallbacks
 .mcal_const    0x004084c0        0x8 ./RTD/src/Clock_Ip_ProgFreqSwitch.o
                0x004084c0                Clock_Ip_axPcfsCallbacks
 .mcal_const    0x004084c8       0x28 ./RTD/src/Clock_Ip_Selector.o
                0x004084c8                Clock_Ip_axSelectorCallbacks
 .mcal_const    0x004084f0       0x20 ./RTD/src/Lpuart_Uart_Ip.o
 .mcal_const    0x00408510        0x4 ./RTD/src/Stm_Ip.o
                0x00408510                stmBase
                0x00408514                . = ALIGN (0x4)
                0x00408514                __init_table = .
 *(.init_table)
 .init_table    0x00408514       0x4c ./Project_Settings/Startup_Code/startup_cm7.o
                0x00408560                . = ALIGN (0x4)
                0x00408560                __zero_table = .
 *(.zero_table)
 .zero_table    0x00408560       0x1c ./Project_Settings/Startup_Code/startup_cm7.o

.glue_7         0x0040857c        0x0
 .glue_7        0x0040857c        0x0 linker stubs

.glue_7t        0x0040857c        0x0
 .glue_7t       0x0040857c        0x0 linker stubs

.vfp11_veneer   0x0040857c        0x0
 .vfp11_veneer  0x0040857c        0x0 linker stubs

.v4_bx          0x0040857c        0x0
 .v4_bx         0x0040857c        0x0 linker stubs

.iplt           0x0040857c        0x0
 .iplt          0x0040857c        0x0 ./Project_Settings/Startup_Code/Vector_Table.o

.rel.dyn        0x0040857c        0x0
 .rel.iplt      0x0040857c        0x0 ./Project_Settings/Startup_Code/Vector_Table.o
                0x0040857c                . = ALIGN (0x4)
                0x0040857c                __text_end = .
                0x0040857c                __sram_data_rom = __text_end

.sram_bss       0x20400000      0x240
                0x20400000                . = ALIGN (0x8)
                0x20400000                __standby_ram_begin__ = .
 *(.standby_data)
                0x20400000                . = ALIGN (0x8)
                0x20400000                __standby_ram_end__ = .
                0x20400000                . = ALIGN (0x10)
                0x20400000                __sram_bss_start = .
 *(.bss)
 .bss           0x20400000        0x0 ./Project_Settings/Startup_Code/Vector_Table.o
 .bss           0x20400000        0x0 ./Project_Settings/Startup_Code/exceptions.o
 .bss           0x20400000        0x0 ./Project_Settings/Startup_Code/nvic.o
 .bss           0x20400000        0x0 ./Project_Settings/Startup_Code/startup.o
 .bss           0x20400000        0x0 ./Project_Settings/Startup_Code/startup_cm7.o
 .bss           0x20400000       0x78 ./Project_Settings/Startup_Code/system.o
                0x20400000                rbar
                0x2040003c                rasr
 .bss           0x20400078        0x0 ./RTD/src/Clock_Ip.o
 .bss           0x20400078        0x0 ./RTD/src/Clock_Ip_Data.o
 .bss           0x20400078        0x0 ./RTD/src/Clock_Ip_Divider.o
 .bss           0x20400078        0x0 ./RTD/src/Clock_Ip_DividerTrigger.o
 .bss           0x20400078        0x0 ./RTD/src/Clock_Ip_ExtOsc.o
 .bss           0x20400078        0x0 ./RTD/src/Clock_Ip_FracDiv.o
 .bss           0x20400078        0x0 ./RTD/src/Clock_Ip_Frequency.o
 .bss           0x20400078        0x0 ./RTD/src/Clock_Ip_Gate.o
 .bss           0x20400078        0x0 ./RTD/src/Clock_Ip_IntOsc.o
 .bss           0x20400078        0x0 ./RTD/src/Clock_Ip_Irq.o
 .bss           0x20400078        0x0 ./RTD/src/Clock_Ip_Monitor.o
 .bss           0x20400078        0x0 ./RTD/src/Clock_Ip_Pll.o
 .bss           0x20400078        0x0 ./RTD/src/Clock_Ip_ProgFreqSwitch.o
 .bss           0x20400078        0x0 ./RTD/src/Clock_Ip_Selector.o
 .bss           0x20400078        0x0 ./RTD/src/Clock_Ip_Specific.o
 .bss           0x20400078        0x0 ./RTD/src/Det.o
 .bss           0x20400078        0x0 ./RTD/src/Det_stub.o
 .bss           0x20400078        0x0 ./RTD/src/Igf_Port_Ip.o
 .bss           0x20400078        0x0 ./RTD/src/IntCtrl_Ip.o
 .bss           0x20400078        0x0 ./RTD/src/Lpuart_Uart_Ip.o
 .bss           0x20400078        0x0 ./RTD/src/Lpuart_Uart_Ip_Irq.o
 .bss           0x20400078        0x0 ./RTD/src/OsIf_Interrupts.o
 .bss           0x20400078        0x0 ./RTD/src/OsIf_Timer.o
 .bss           0x20400078        0x0 ./RTD/src/OsIf_Timer_System.o
 .bss           0x20400078        0x0 ./RTD/src/OsIf_Timer_System_Internal_Systick.o
 .bss           0x20400078        0x0 ./RTD/src/SchM_Dio.o
 .bss           0x20400078        0x0 ./RTD/src/SchM_Gpt.o
 .bss           0x20400078        0x0 ./RTD/src/SchM_Mcu.o
 .bss           0x20400078        0x0 ./RTD/src/SchM_Port.o
 .bss           0x20400078        0x0 ./RTD/src/SchM_Uart.o
 .bss           0x20400078        0x0 ./RTD/src/Siul2_Dio_Ip.o
 .bss           0x20400078        0x0 ./RTD/src/Siul2_Port_Ip.o
 .bss           0x20400078        0x0 ./RTD/src/Stm_Ip.o
 .bss           0x20400078        0x0 ./RTD/src/Tspc_Port_Ip.o
 .bss           0x20400078        0x0 ./board/Siul2_Port_Ip_Cfg.o
 .bss           0x20400078        0x0 ./board/Tspc_Port_Ip_Cfg.o
 .bss           0x20400078        0x0 ./generate/src/Clock_Ip_Cfg.o
 .bss           0x20400078        0x0 ./generate/src/Igf_Port_Ip_Cfg.o
 .bss           0x20400078        0x0 ./generate/src/IntCtrl_Ip_Cfg.o
 .bss           0x20400078        0x0 ./generate/src/Lpuart_Uart_Ip_Sa_PBcfg.o
 .bss           0x20400078        0x0 ./generate/src/OsIf_Cfg.o
 .bss           0x20400078        0x0 ./generate/src/Stm_Ip_PBcfg.o
 .bss           0x20400078       0xd0 ./src/main.o
                0x20400078                Global_Counter
                0x2040007a                toggleLed
                0x2040007b                txBuffer
                0x204000df                rxBuffer
                0x20400144                rxBufferLength
 .bss           0x20400148        0x0 c:/nxp/s32ds.3.5/s32ds/build_tools/gcc_v10.2/gcc-10.2-arm32-eabi/bin/../lib/gcc/arm-none-eabi/10.2.0/../../../../arm-none-eabi/lib/thumb/v7e-m+fp/hard\libc_nano.a(lib_a-memmove.o)
 .bss           0x20400148        0x0 c:/nxp/s32ds.3.5/s32ds/build_tools/gcc_v10.2/gcc-10.2-arm32-eabi/bin/../lib/gcc/arm-none-eabi/10.2.0/../../../../arm-none-eabi/lib/thumb/v7e-m+fp/hard\libc_nano.a(lib_a-memset.o)
 .bss           0x20400148        0x0 c:/nxp/s32ds.3.5/s32ds/build_tools/gcc_v10.2/gcc-10.2-arm32-eabi/bin/../lib/gcc/arm-none-eabi/10.2.0/../../../../arm-none-eabi/lib/thumb/v7e-m+fp/hard\libc_nano.a(lib_a-strlen.o)
 *(.bss*)
                0x20400150                . = ALIGN (0x10)
 *fill*         0x20400148        0x8 
 *(.mcal_bss)
 .mcal_bss      0x20400150        0x4 ./Project_Settings/Startup_Code/system.o
                0x20400150                RESET_CATCH_CORE
 .mcal_bss      0x20400154       0x61 ./RTD/src/Clock_Ip.o
                0x20400158                Clock_Ip_FreqIds
                0x204001b0                Clock_Ip_pxConfig
 *fill*         0x204001b5        0x3 
 .mcal_bss      0x204001b8       0x10 ./RTD/src/Clock_Ip_Monitor.o
 .mcal_bss      0x204001c8        0x4 ./RTD/src/Clock_Ip_ProgFreqSwitch.o
 .mcal_bss      0x204001cc        0xc ./RTD/src/Clock_Ip_Specific.o
 .mcal_bss      0x204001d8        0x8 ./RTD/src/Siul2_Port_Ip.o
 .mcal_bss      0x204001e0       0x60 ./RTD/src/Stm_Ip.o
                0x204001e0                Stm_Ip_u32NextTargetValue
                0x20400230                Stm_Ip_u32TargetValue
                0x20400240                . = ALIGN (0x4)
                0x20400240                __sram_bss_end = .

.sram_data      0x20400240       0x98 load address 0x0040857c
                0x20400240                . = ALIGN (0x4)
                0x20400240                __sram_data_begin__ = .
                0x20400240                . = ALIGN (0x4)
 *(.ramcode)
 .ramcode       0x20400240       0x90 ./RTD/src/Clock_Ip_Specific.o
                0x204002d0                . = ALIGN (0x4)
 *(.data)
 .data          0x204002d0        0x0 ./Project_Settings/Startup_Code/Vector_Table.o
 .data          0x204002d0        0x0 ./Project_Settings/Startup_Code/exceptions.o
 .data          0x204002d0        0x0 ./Project_Settings/Startup_Code/nvic.o
 .data          0x204002d0        0x0 ./Project_Settings/Startup_Code/startup.o
 .data          0x204002d0        0x0 ./Project_Settings/Startup_Code/startup_cm7.o
 .data          0x204002d0        0x0 ./Project_Settings/Startup_Code/system.o
 .data          0x204002d0        0x4 ./RTD/src/Clock_Ip.o
 .data          0x204002d4        0x0 ./RTD/src/Clock_Ip_Data.o
 .data          0x204002d4        0x0 ./RTD/src/Clock_Ip_Divider.o
 .data          0x204002d4        0x0 ./RTD/src/Clock_Ip_DividerTrigger.o
 .data          0x204002d4        0x0 ./RTD/src/Clock_Ip_ExtOsc.o
 .data          0x204002d4        0x0 ./RTD/src/Clock_Ip_FracDiv.o
 .data          0x204002d4        0x0 ./RTD/src/Clock_Ip_Frequency.o
 .data          0x204002d4        0x0 ./RTD/src/Clock_Ip_Gate.o
 .data          0x204002d4        0x0 ./RTD/src/Clock_Ip_IntOsc.o
 .data          0x204002d4        0x0 ./RTD/src/Clock_Ip_Irq.o
 .data          0x204002d4        0x0 ./RTD/src/Clock_Ip_Monitor.o
 .data          0x204002d4        0x0 ./RTD/src/Clock_Ip_Pll.o
 .data          0x204002d4        0x0 ./RTD/src/Clock_Ip_ProgFreqSwitch.o
 .data          0x204002d4        0x0 ./RTD/src/Clock_Ip_Selector.o
 .data          0x204002d4        0x0 ./RTD/src/Clock_Ip_Specific.o
 .data          0x204002d4        0x0 ./RTD/src/Det.o
 .data          0x204002d4        0x0 ./RTD/src/Det_stub.o
 .data          0x204002d4        0x0 ./RTD/src/Igf_Port_Ip.o
 .data          0x204002d4        0x0 ./RTD/src/IntCtrl_Ip.o
 .data          0x204002d4        0x0 ./RTD/src/Lpuart_Uart_Ip.o
 .data          0x204002d4        0x0 ./RTD/src/Lpuart_Uart_Ip_Irq.o
 .data          0x204002d4        0x0 ./RTD/src/OsIf_Interrupts.o
 .data          0x204002d4        0x0 ./RTD/src/OsIf_Timer.o
 .data          0x204002d4        0x0 ./RTD/src/OsIf_Timer_System.o
 .data          0x204002d4        0x0 ./RTD/src/OsIf_Timer_System_Internal_Systick.o
 .data          0x204002d4        0x0 ./RTD/src/SchM_Dio.o
 .data          0x204002d4        0x0 ./RTD/src/SchM_Gpt.o
 .data          0x204002d4        0x0 ./RTD/src/SchM_Mcu.o
 .data          0x204002d4        0x0 ./RTD/src/SchM_Port.o
 .data          0x204002d4        0x0 ./RTD/src/SchM_Uart.o
 .data          0x204002d4        0x0 ./RTD/src/Siul2_Dio_Ip.o
 .data          0x204002d4        0x0 ./RTD/src/Siul2_Port_Ip.o
 .data          0x204002d4        0x0 ./RTD/src/Stm_Ip.o
 .data          0x204002d4        0x0 ./RTD/src/Tspc_Port_Ip.o
 .data          0x204002d4        0x0 ./board/Siul2_Port_Ip_Cfg.o
 .data          0x204002d4        0x0 ./board/Tspc_Port_Ip_Cfg.o
 .data          0x204002d4        0x0 ./generate/src/Clock_Ip_Cfg.o
 .data          0x204002d4        0x0 ./generate/src/Igf_Port_Ip_Cfg.o
 .data          0x204002d4        0x0 ./generate/src/IntCtrl_Ip_Cfg.o
 .data          0x204002d4        0x0 ./generate/src/Lpuart_Uart_Ip_Sa_PBcfg.o
 .data          0x204002d4        0x0 ./generate/src/OsIf_Cfg.o
 .data          0x204002d4        0x0 ./generate/src/Stm_Ip_PBcfg.o
 .data          0x204002d4        0x0 ./src/main.o
 .data          0x204002d4        0x0 c:/nxp/s32ds.3.5/s32ds/build_tools/gcc_v10.2/gcc-10.2-arm32-eabi/bin/../lib/gcc/arm-none-eabi/10.2.0/../../../../arm-none-eabi/lib/thumb/v7e-m+fp/hard\libc_nano.a(lib_a-memmove.o)
 .data          0x204002d4        0x0 c:/nxp/s32ds.3.5/s32ds/build_tools/gcc_v10.2/gcc-10.2-arm32-eabi/bin/../lib/gcc/arm-none-eabi/10.2.0/../../../../arm-none-eabi/lib/thumb/v7e-m+fp/hard\libc_nano.a(lib_a-memset.o)
 .data          0x204002d4        0x0 c:/nxp/s32ds.3.5/s32ds/build_tools/gcc_v10.2/gcc-10.2-arm32-eabi/bin/../lib/gcc/arm-none-eabi/10.2.0/../../../../arm-none-eabi/lib/thumb/v7e-m+fp/hard\libc_nano.a(lib_a-strlen.o)
 *(.data*)
                0x204002d4                . = ALIGN (0x4)
 *(.mcal_data)
 .mcal_data     0x204002d4        0x4 ./RTD/src/Siul2_Dio_Ip.o
                0x204002d4                Siul2_Dio_Ip_au32BaseAdresses
                0x204002d8                . = ALIGN (0x4)
                0x204002d8                __sram_data_end__ = .
                0x00408614                __sram_data_rom_end = (__sram_data_rom + (__sram_data_end__ - __sram_data_begin__))

.heap           0x204002d8      0x200 load address 0x00408614
                0x00000000                . = (. + ALIGN (0x4))
                0x204002d8                _end = .
                0x204002d8                end = .
                0x204002d8                _heap_start = .
                0x00000200                . = (. + HEAP_SIZE)
 *fill*         0x204002d8      0x200 
                0x204004d8                _heap_end = .

.acfls_code_ram
                0x20407f00        0x0
                0x20407f00                acfls_code_ram_start = .
 *(.acfls_code_ram)
                0x20407f00                acfls_code_ram_stop = .
                0x00408614                __non_cacheable_data_rom = __sram_data_rom_end

.non_cacheable_data
                0x20408000        0x4 load address 0x00408614
                0x20408000                . = ALIGN (0x4)
                0x20408000                __non_cacheable_data_start__ = .
 *(.mcal_data_no_cacheable)
                0x20408000                . = ALIGN (0x4)
 *(.mcal_const_no_cacheable)
                0x20408000                . = ALIGN (0x4)
                0x20408000                HSE_LOOP_ADDR = .
                0x20408000        0x4 LONG 0x0
                0x20408004                __non_cacheable_data_end__ = .
                0x00408618                __non_cacheable_data_rom_end = (__non_cacheable_data_rom + (__non_cacheable_data_end__ - __non_cacheable_data_start__))

.igot.plt       0x20408004        0x0 load address 0x00408618
 .igot.plt      0x20408004        0x0 ./Project_Settings/Startup_Code/Vector_Table.o

.non_cacheable_bss
                0x20408004      0xcc8 load address 0x00408618
                0x20408010                . = ALIGN (0x10)
 *fill*         0x20408004        0xc 
                0x20408010                __non_cacheable_bss_start = .
 *(.mcal_bss_no_cacheable)
 .mcal_bss_no_cacheable
                0x20408010       0x3c ./RTD/src/Det.o
                0x20408010                Det_TransientModuleId
                0x20408018                Det_ApiId
                0x2040801c                Det_TransientInstanceId
                0x20408020                Det_ErrorId
                0x20408024                Det_TransientApiId
                0x20408028                Det_RuntimeModuleId
                0x20408030                Det_TransientFaultId
                0x20408034                Det_RuntimeInstanceId
                0x20408038                Det_RuntimeApiId
                0x2040803c                Det_ModuleId
                0x20408044                Det_RuntimeErrorId
                0x20408048                Det_InstanceId
 .mcal_bss_no_cacheable
                0x2040804c       0x60 ./RTD/src/Lpuart_Uart_Ip.o
                0x2040804c                Lpuart_Uart_Ip_apStateStructure
                0x2040808c                Lpuart_Uart_Ip_apUserConfig
 .mcal_bss_no_cacheable
                0x204080ac       0x40 ./RTD/src/SchM_Dio.o
 .mcal_bss_no_cacheable
                0x204080ec      0x6e0 ./RTD/src/SchM_Gpt.o
 .mcal_bss_no_cacheable
                0x204087cc       0x60 ./RTD/src/SchM_Mcu.o
 .mcal_bss_no_cacheable
                0x2040882c      0x380 ./RTD/src/SchM_Port.o
 .mcal_bss_no_cacheable
                0x20408bac      0x120 ./RTD/src/SchM_Uart.o
                0x20408ccc                . = ALIGN (0x4)
                0x20408ccc                __non_cacheable_bss_end = .

.int_results    0x2040ff00      0x100
                0x2040ff00                . = ALIGN (0x4)
 *(.int_results)
                0x20410000                . = (. + 0x100)
 *fill*         0x2040ff00      0x100 
                0x00408618                __shareable_data_rom = __non_cacheable_data_rom_end

.shareable_data
                0x20410000        0x0 load address 0x00408618
                0x20410000                . = ALIGN (0x4)
                0x20410000                __shareable_data_start__ = .
 *(.mcal_shared_data)
                0x20410000                . = ALIGN (0x4)
                0x20410000                __shareable_data_end__ = .
                0x00408618                __shareable_data_rom_end = (__shareable_data_rom + (__shareable_data_end__ - __shareable_data_start__))

.int_vector     0x20000000      0x408
                0x20000000                . = ALIGN (0x800)
                0x20000000                __interrupts_ram_start = .
                0x20000408                . = (. + (__interrupts_init_end - __interrupts_init_start))
 *fill*         0x20000000      0x408 
                0x20000408                . = ALIGN (0x4)
                0x20000408                __interrupts_ram_end = .
                0x00408618                __tcm_data_rom = __shareable_data_rom_end

.data_tcm_data  0x20000408        0x0 load address 0x00408618
                0x20000408                . = ALIGN (0x4)
                0x20000408                __dtcm_data_start__ = .
 *(.dtcm_data*)
                0x20000408                . = ALIGN (0x4)
                0x20000408                __dtcm_data_end__ = .
                0x00408618                __tcm_data_rom_end = (__tcm_data_rom + (__dtcm_data_end__ - __dtcm_data_start__))

.bss_tcm_data   0x20000408        0x0
                0x20000408                . = ALIGN (0x4)
                0x20000408                __dtcm_bss_start__ = .
 *(.dtcm_bss*)
                0x20000408                . = ALIGN (0x4)
                0x20000408                __dtcm_bss_end__ = .
                0x00408618                __tcm_code_rom_start = __tcm_data_rom_end

.itcm_text      0x00000000        0x0 load address 0x00408618
                0x00000000                . = ALIGN (0x4)
                0x00000000                __itcm_start__ = .
 *(.itcm_text*)
                0x00000000                . = ALIGN (0x4)
                0x00000000                __itcm_end__ = .
                0x00408618                __tcm_code_rom_end = (__tcm_code_rom_start + (__itcm_end__ - __itcm_start__))

.shareable_bss  0x20410000        0x0
                0x20410000                . = ALIGN (0x10)
                0x20410000                __shareable_bss_start = .
 *(.mcal_shared_bss)
                0x20410000                . = ALIGN (0x4)
                0x20410000                __shareable_bss_end = .
                0x2000f000                __Stack_dtcm_end = ORIGIN (int_stack_dtcm)
                0x20010000                __Stack_dtcm_start = (ORIGIN (int_stack_dtcm) + LENGTH (int_stack_dtcm))
                0x20400000                __INT_SRAM_START = ORIGIN (int_sram)
                0x20418000                __INT_SRAM_END = ORIGIN (ram_rsvd2)
                0x00000000                __INT_ITCM_START = ORIGIN (int_itcm)
                0x00008000                __INT_ITCM_END = (ORIGIN (int_itcm) + LENGTH (int_itcm))
                0x20000000                __INT_DTCM_START = ORIGIN (int_dtcm)
                0x20010000                __INT_DTCM_END = ((ORIGIN (int_dtcm) + LENGTH (int_dtcm)) + LENGTH (int_stack_dtcm))
                0x20410000                __RAM_SHAREABLE_START = ORIGIN (int_sram_shareable)
                0x20418000                __RAM_SHAREABLE_END = (ORIGIN (int_sram_shareable) + LENGTH (int_sram_shareable))
                0x0000000f                __RAM_SHAREABLE_SIZE = 0xf
                0x00408618                __ROM_SHAREABLE_START = __shareable_data_rom
                0x00408618                __ROM_SHAREABLE_END = __shareable_data_rom_end
                0x20408000                __RAM_NO_CACHEABLE_START = ORIGIN (int_sram_no_cacheable)
                0x2040ffff                __RAM_NO_CACHEABLE_END = (ORIGIN (int_sram_shareable) - 0x1)
                0x0000000f                __RAM_NO_CACHEABLE_SIZE = 0xf
                0x00408614                __ROM_NO_CACHEABLE_START = __non_cacheable_data_rom
                0x00408618                __ROM_NO_CACHEABLE_END = __non_cacheable_data_rom_end
                0x20400240                __RAM_CACHEABLE_START = __sram_data_begin__
                0x20407fff                __RAM_CACHEABLE_END = (ORIGIN (int_sram_no_cacheable) - 0x1)
                0x0000000f                __RAM_CACHEABLE_SIZE = 0xf
                0x0040857c                __ROM_CACHEABLE_START = __sram_data_rom
                0x00408614                __ROM_CACHEABLE_END = __sram_data_rom_end
                0x00400000                __ROM_CODE_START = ORIGIN (int_pflash)
                0x10000000                __ROM_DATA_START = ORIGIN (int_dflash)
                0x20400000                __BSS_SRAM_START = __sram_bss_start
                0x20400240                __BSS_SRAM_END = __sram_bss_end
                0x00000240                __BSS_SRAM_SIZE = (__sram_bss_end - __sram_bss_start)
                0x20408010                __BSS_SRAM_NC_START = __non_cacheable_bss_start
                0x00000cbc                __BSS_SRAM_NC_SIZE = (__non_cacheable_bss_end - __non_cacheable_bss_start)
                0x20408ccc                __BSS_SRAM_NC_END = __non_cacheable_bss_end
                0x20410000                __BSS_SRAM_SH_START = __shareable_bss_start
                0x00000000                __BSS_SRAM_SH_SIZE = (__shareable_bss_end - __shareable_bss_start)
                0x20410000                __BSS_SRAM_SH_END = __shareable_bss_end
                0x20000000                __RAM_INTERRUPT_START = __interrupts_ram_start
                0x00400800                __INIT_INTERRUPT_START = __interrupts_init_start
                0x00400c08                __INIT_INTERRUPT_END = __interrupts_init_end
                0x00000000                __RAM_ITCM_START = __itcm_start__
                0x00408618                __ROM_ITCM_START = __tcm_code_rom_start
                0x00408618                __ROM_ITCM_END = __tcm_code_rom_end
                0x20000408                __RAM_DTCM_DATA_START = __dtcm_data_start__
                0x00408618                __ROM_DTCM_DATA_START = __tcm_data_rom
                0x00408618                __ROM_DTCM_END = __tcm_data_rom_end
                0x00408514                __INIT_TABLE = __init_table
                0x00408560                __ZERO_TABLE = __zero_table
                0x00000001                __RAM_INIT = 0x1
                0x00000001                __ITCM_INIT = 0x1
                0x00000001                __DTCM_INIT = 0x1
                0x00406c9c                Fls_ACEraseRomStart = __acfls_code_rom_start
                0x00406ce8                Fls_ACEraseRomEnd = __acfls_code_rom_end
                0x00000013                Fls_ACEraseSize = ((__acfls_code_rom_end - __acfls_code_rom_start) / 0x4)
                0x00406c9c                Fls_ACWriteRomStart = __acfls_code_rom_start
                0x00406ce8                Fls_ACWriteRomEnd = __acfls_code_rom_end
                0x00000013                Fls_ACWriteSize = ((__acfls_code_rom_end - __acfls_code_rom_start) / 0x4)
                0x20407f00                _ERASE_FUNC_ADDRESS_ = ADDR (.acfls_code_ram)
                0x20407f00                _WRITE_FUNC_ADDRESS_ = ADDR (.acfls_code_ram)
                0x00400800                __ENTRY_VTABLE = __INIT_INTERRUPT_START
                0x00400800                __CORE0_VTOR = __INIT_INTERRUPT_START
                0x00400800                __CORE1_VTOR = __INIT_INTERRUPT_START
                0x00400800                __CORE2_VTOR = __INIT_INTERRUPT_START
                0x00000003                __INDEX_COPY_CORE2 = 0x3
                0x00000001                ASSERT ((__standby_ram_end__ <= __STANDBY_RAM_LIMIT_END), Memory for standby ram overflow)
OUTPUT(Lpuart_and_Lin.elf elf32-littlearm)
LOAD linker stubs

.ARM.attributes
                0x00000000       0x30
 .ARM.attributes
                0x00000000       0x20 ./Project_Settings/Startup_Code/Vector_Table.o
 .ARM.attributes
                0x00000020       0x34 ./Project_Settings/Startup_Code/exceptions.o
 .ARM.attributes
                0x00000054       0x34 ./Project_Settings/Startup_Code/nvic.o
 .ARM.attributes
                0x00000088       0x34 ./Project_Settings/Startup_Code/startup.o
 .ARM.attributes
                0x000000bc       0x1f ./Project_Settings/Startup_Code/startup_cm7.o
 .ARM.attributes
                0x000000db       0x34 ./Project_Settings/Startup_Code/system.o
 .ARM.attributes
                0x0000010f       0x34 ./RTD/src/Clock_Ip.o
 .ARM.attributes
                0x00000143       0x39 ./RTD/src/Clock_Ip_Data.o
 .ARM.attributes
                0x0000017c       0x34 ./RTD/src/Clock_Ip_Divider.o
 .ARM.attributes
                0x000001b0       0x34 ./RTD/src/Clock_Ip_DividerTrigger.o
 .ARM.attributes
                0x000001e4       0x34 ./RTD/src/Clock_Ip_ExtOsc.o
 .ARM.attributes
                0x00000218       0x34 ./RTD/src/Clock_Ip_FracDiv.o
 .ARM.attributes
                0x0000024c       0x34 ./RTD/src/Clock_Ip_Frequency.o
 .ARM.attributes
                0x00000280       0x34 ./RTD/src/Clock_Ip_Gate.o
 .ARM.attributes
                0x000002b4       0x34 ./RTD/src/Clock_Ip_IntOsc.o
 .ARM.attributes
                0x000002e8       0x34 ./RTD/src/Clock_Ip_Irq.o
 .ARM.attributes
                0x0000031c       0x34 ./RTD/src/Clock_Ip_Monitor.o
 .ARM.attributes
                0x00000350       0x34 ./RTD/src/Clock_Ip_Pll.o
 .ARM.attributes
                0x00000384       0x34 ./RTD/src/Clock_Ip_ProgFreqSwitch.o
 .ARM.attributes
                0x000003b8       0x34 ./RTD/src/Clock_Ip_Selector.o
 .ARM.attributes
                0x000003ec       0x34 ./RTD/src/Clock_Ip_Specific.o
 .ARM.attributes
                0x00000420       0x34 ./RTD/src/Det.o
 .ARM.attributes
                0x00000454       0x34 ./RTD/src/Det_stub.o
 .ARM.attributes
                0x00000488       0x39 ./RTD/src/Igf_Port_Ip.o
 .ARM.attributes
                0x000004c1       0x34 ./RTD/src/IntCtrl_Ip.o
 .ARM.attributes
                0x000004f5       0x34 ./RTD/src/Lpuart_Uart_Ip.o
 .ARM.attributes
                0x00000529       0x34 ./RTD/src/Lpuart_Uart_Ip_Irq.o
 .ARM.attributes
                0x0000055d       0x39 ./RTD/src/OsIf_Interrupts.o
 .ARM.attributes
                0x00000596       0x34 ./RTD/src/OsIf_Timer.o
 .ARM.attributes
                0x000005ca       0x39 ./RTD/src/OsIf_Timer_System.o
 .ARM.attributes
                0x00000603       0x34 ./RTD/src/OsIf_Timer_System_Internal_Systick.o
 .ARM.attributes
                0x00000637       0x34 ./RTD/src/SchM_Dio.o
 .ARM.attributes
                0x0000066b       0x34 ./RTD/src/SchM_Gpt.o
 .ARM.attributes
                0x0000069f       0x34 ./RTD/src/SchM_Mcu.o
 .ARM.attributes
                0x000006d3       0x34 ./RTD/src/SchM_Port.o
 .ARM.attributes
                0x00000707       0x34 ./RTD/src/SchM_Uart.o
 .ARM.attributes
                0x0000073b       0x34 ./RTD/src/Siul2_Dio_Ip.o
 .ARM.attributes
                0x0000076f       0x34 ./RTD/src/Siul2_Port_Ip.o
 .ARM.attributes
                0x000007a3       0x34 ./RTD/src/Stm_Ip.o
 .ARM.attributes
                0x000007d7       0x34 ./RTD/src/Tspc_Port_Ip.o
 .ARM.attributes
                0x0000080b       0x39 ./board/Siul2_Port_Ip_Cfg.o
 .ARM.attributes
                0x00000844       0x39 ./board/Tspc_Port_Ip_Cfg.o
 .ARM.attributes
                0x0000087d       0x39 ./generate/src/Clock_Ip_Cfg.o
 .ARM.attributes
                0x000008b6       0x39 ./generate/src/Igf_Port_Ip_Cfg.o
 .ARM.attributes
                0x000008ef       0x39 ./generate/src/IntCtrl_Ip_Cfg.o
 .ARM.attributes
                0x00000928       0x39 ./generate/src/Lpuart_Uart_Ip_Sa_PBcfg.o
 .ARM.attributes
                0x00000961       0x39 ./generate/src/OsIf_Cfg.o
 .ARM.attributes
                0x0000099a       0x39 ./generate/src/Stm_Ip_PBcfg.o
 .ARM.attributes
                0x000009d3       0x34 ./src/main.o
 .ARM.attributes
                0x00000a07       0x34 c:/nxp/s32ds.3.5/s32ds/build_tools/gcc_v10.2/gcc-10.2-arm32-eabi/bin/../lib/gcc/arm-none-eabi/10.2.0/../../../../arm-none-eabi/lib/thumb/v7e-m+fp/hard\libc_nano.a(lib_a-memmove.o)
 .ARM.attributes
                0x00000a3b       0x34 c:/nxp/s32ds.3.5/s32ds/build_tools/gcc_v10.2/gcc-10.2-arm32-eabi/bin/../lib/gcc/arm-none-eabi/10.2.0/../../../../arm-none-eabi/lib/thumb/v7e-m+fp/hard\libc_nano.a(lib_a-memset.o)
 .ARM.attributes
                0x00000a6f       0x17 c:/nxp/s32ds.3.5/s32ds/build_tools/gcc_v10.2/gcc-10.2-arm32-eabi/bin/../lib/gcc/arm-none-eabi/10.2.0/../../../../arm-none-eabi/lib/thumb/v7e-m+fp/hard\libc_nano.a(lib_a-strlen.o)

.comment        0x00000000       0x88
 .comment       0x00000000       0x88 ./Project_Settings/Startup_Code/exceptions.o
                                 0x89 (size before relaxing)
 .comment       0x00000088       0x89 ./Project_Settings/Startup_Code/nvic.o
 .comment       0x00000088       0x89 ./Project_Settings/Startup_Code/startup.o
 .comment       0x00000088       0x89 ./Project_Settings/Startup_Code/system.o
 .comment       0x00000088       0x89 ./RTD/src/Clock_Ip.o
 .comment       0x00000088       0x89 ./RTD/src/Clock_Ip_Data.o
 .comment       0x00000088       0x89 ./RTD/src/Clock_Ip_Divider.o
 .comment       0x00000088       0x89 ./RTD/src/Clock_Ip_DividerTrigger.o
 .comment       0x00000088       0x89 ./RTD/src/Clock_Ip_ExtOsc.o
 .comment       0x00000088       0x89 ./RTD/src/Clock_Ip_FracDiv.o
 .comment       0x00000088       0x89 ./RTD/src/Clock_Ip_Frequency.o
 .comment       0x00000088       0x89 ./RTD/src/Clock_Ip_Gate.o
 .comment       0x00000088       0x89 ./RTD/src/Clock_Ip_IntOsc.o
 .comment       0x00000088       0x89 ./RTD/src/Clock_Ip_Irq.o
 .comment       0x00000088       0x89 ./RTD/src/Clock_Ip_Monitor.o
 .comment       0x00000088       0x89 ./RTD/src/Clock_Ip_Pll.o
 .comment       0x00000088       0x89 ./RTD/src/Clock_Ip_ProgFreqSwitch.o
 .comment       0x00000088       0x89 ./RTD/src/Clock_Ip_Selector.o
 .comment       0x00000088       0x89 ./RTD/src/Clock_Ip_Specific.o
 .comment       0x00000088       0x89 ./RTD/src/Det.o
 .comment       0x00000088       0x89 ./RTD/src/Det_stub.o
 .comment       0x00000088       0x89 ./RTD/src/Igf_Port_Ip.o
 .comment       0x00000088       0x89 ./RTD/src/IntCtrl_Ip.o
 .comment       0x00000088       0x89 ./RTD/src/Lpuart_Uart_Ip.o
 .comment       0x00000088       0x89 ./RTD/src/Lpuart_Uart_Ip_Irq.o
 .comment       0x00000088       0x89 ./RTD/src/OsIf_Interrupts.o
 .comment       0x00000088       0x89 ./RTD/src/OsIf_Timer.o
 .comment       0x00000088       0x89 ./RTD/src/OsIf_Timer_System.o
 .comment       0x00000088       0x89 ./RTD/src/OsIf_Timer_System_Internal_Systick.o
 .comment       0x00000088       0x89 ./RTD/src/SchM_Dio.o
 .comment       0x00000088       0x89 ./RTD/src/SchM_Gpt.o
 .comment       0x00000088       0x89 ./RTD/src/SchM_Mcu.o
 .comment       0x00000088       0x89 ./RTD/src/SchM_Port.o
 .comment       0x00000088       0x89 ./RTD/src/SchM_Uart.o
 .comment       0x00000088       0x89 ./RTD/src/Siul2_Dio_Ip.o
 .comment       0x00000088       0x89 ./RTD/src/Siul2_Port_Ip.o
 .comment       0x00000088       0x89 ./RTD/src/Stm_Ip.o
 .comment       0x00000088       0x89 ./RTD/src/Tspc_Port_Ip.o
 .comment       0x00000088       0x89 ./board/Siul2_Port_Ip_Cfg.o
 .comment       0x00000088       0x89 ./board/Tspc_Port_Ip_Cfg.o
 .comment       0x00000088       0x89 ./generate/src/Clock_Ip_Cfg.o
 .comment       0x00000088       0x89 ./generate/src/Igf_Port_Ip_Cfg.o
 .comment       0x00000088       0x89 ./generate/src/IntCtrl_Ip_Cfg.o
 .comment       0x00000088       0x89 ./generate/src/Lpuart_Uart_Ip_Sa_PBcfg.o
 .comment       0x00000088       0x89 ./generate/src/OsIf_Cfg.o
 .comment       0x00000088       0x89 ./generate/src/Stm_Ip_PBcfg.o
 .comment       0x00000088       0x89 ./src/main.o
 .comment       0x00000088       0x89 c:/nxp/s32ds.3.5/s32ds/build_tools/gcc_v10.2/gcc-10.2-arm32-eabi/bin/../lib/gcc/arm-none-eabi/10.2.0/../../../../arm-none-eabi/lib/thumb/v7e-m+fp/hard\libc_nano.a(lib_a-memmove.o)
 .comment       0x00000088       0x89 c:/nxp/s32ds.3.5/s32ds/build_tools/gcc_v10.2/gcc-10.2-arm32-eabi/bin/../lib/gcc/arm-none-eabi/10.2.0/../../../../arm-none-eabi/lib/thumb/v7e-m+fp/hard\libc_nano.a(lib_a-memset.o)

.debug_info     0x00000000    0x245c2
 .debug_info    0x00000000      0x139 ./Project_Settings/Startup_Code/exceptions.o
 .debug_info    0x00000139      0x76a ./Project_Settings/Startup_Code/nvic.o
 .debug_info    0x000008a3      0x36f ./Project_Settings/Startup_Code/startup.o
 .debug_info    0x00000c12       0x22 ./Project_Settings/Startup_Code/startup_cm7.o
 .debug_info    0x00000c34      0xc2b ./Project_Settings/Startup_Code/system.o
 .debug_info    0x0000185f     0x1e7c ./RTD/src/Clock_Ip.o
 .debug_info    0x000036db     0x1351 ./RTD/src/Clock_Ip_Data.o
 .debug_info    0x00004a2c      0x8f8 ./RTD/src/Clock_Ip_Divider.o
 .debug_info    0x00005324      0x6d6 ./RTD/src/Clock_Ip_DividerTrigger.o
 .debug_info    0x000059fa      0x985 ./RTD/src/Clock_Ip_ExtOsc.o
 .debug_info    0x0000637f      0x499 ./RTD/src/Clock_Ip_FracDiv.o
 .debug_info    0x00006818      0x307 ./RTD/src/Clock_Ip_Frequency.o
 .debug_info    0x00006b1f      0x8ba ./RTD/src/Clock_Ip_Gate.o
 .debug_info    0x000073d9      0xb58 ./RTD/src/Clock_Ip_IntOsc.o
 .debug_info    0x00007f31       0xb2 ./RTD/src/Clock_Ip_Irq.o
 .debug_info    0x00007fe3     0x1261 ./RTD/src/Clock_Ip_Monitor.o
 .debug_info    0x00009244      0x9a5 ./RTD/src/Clock_Ip_Pll.o
 .debug_info    0x00009be9      0xe76 ./RTD/src/Clock_Ip_ProgFreqSwitch.o
 .debug_info    0x0000aa5f      0xf1d ./RTD/src/Clock_Ip_Selector.o
 .debug_info    0x0000b97c     0x16d9 ./RTD/src/Clock_Ip_Specific.o
 .debug_info    0x0000d055      0x420 ./RTD/src/Det.o
 .debug_info    0x0000d475      0x471 ./RTD/src/Det_stub.o
 .debug_info    0x0000d8e6       0x7d ./RTD/src/Igf_Port_Ip.o
 .debug_info    0x0000d963     0x13fc ./RTD/src/IntCtrl_Ip.o
 .debug_info    0x0000ed5f     0x3dbb ./RTD/src/Lpuart_Uart_Ip.o
 .debug_info    0x00012b1a       0xb8 ./RTD/src/Lpuart_Uart_Ip_Irq.o
 .debug_info    0x00012bd2       0x7d ./RTD/src/OsIf_Interrupts.o
 .debug_info    0x00012c4f      0x2b1 ./RTD/src/OsIf_Timer.o
 .debug_info    0x00012f00       0x7d ./RTD/src/OsIf_Timer_System.o
 .debug_info    0x00012f7d      0x196 ./RTD/src/OsIf_Timer_System_Internal_Systick.o
 .debug_info    0x00013113      0x2ce ./RTD/src/SchM_Dio.o
 .debug_info    0x000133e1     0x2d3f ./RTD/src/SchM_Gpt.o
 .debug_info    0x00016120      0x39b ./RTD/src/SchM_Mcu.o
 .debug_info    0x000164bb     0x17a0 ./RTD/src/SchM_Port.o
 .debug_info    0x00017c5b      0x869 ./RTD/src/SchM_Uart.o
 .debug_info    0x000184c4     0x1d0b ./RTD/src/Siul2_Dio_Ip.o
 .debug_info    0x0001a1cf     0x28ce ./RTD/src/Siul2_Port_Ip.o
 .debug_info    0x0001ca9d     0x12ed ./RTD/src/Stm_Ip.o
 .debug_info    0x0001dd8a      0x353 ./RTD/src/Tspc_Port_Ip.o
 .debug_info    0x0001e0dd     0x1b2b ./board/Siul2_Port_Ip_Cfg.o
 .debug_info    0x0001fc08       0x7d ./board/Tspc_Port_Ip_Cfg.o
 .debug_info    0x0001fc85      0xca2 ./generate/src/Clock_Ip_Cfg.o
 .debug_info    0x00020927       0x7d ./generate/src/Igf_Port_Ip_Cfg.o
 .debug_info    0x000209a4      0x442 ./generate/src/IntCtrl_Ip_Cfg.o
 .debug_info    0x00020de6      0x3b9 ./generate/src/Lpuart_Uart_Ip_Sa_PBcfg.o
 .debug_info    0x0002119f       0x7d ./generate/src/OsIf_Cfg.o
 .debug_info    0x0002121c      0x1be ./generate/src/Stm_Ip_PBcfg.o
 .debug_info    0x000213da     0x31e8 ./src/main.o

.debug_abbrev   0x00000000     0x472c
 .debug_abbrev  0x00000000       0x47 ./Project_Settings/Startup_Code/exceptions.o
 .debug_abbrev  0x00000047      0x102 ./Project_Settings/Startup_Code/nvic.o
 .debug_abbrev  0x00000149      0x119 ./Project_Settings/Startup_Code/startup.o
 .debug_abbrev  0x00000262       0x12 ./Project_Settings/Startup_Code/startup_cm7.o
 .debug_abbrev  0x00000274      0x229 ./Project_Settings/Startup_Code/system.o
 .debug_abbrev  0x0000049d      0x39d ./RTD/src/Clock_Ip.o
 .debug_abbrev  0x0000083a      0x14c ./RTD/src/Clock_Ip_Data.o
 .debug_abbrev  0x00000986      0x21e ./RTD/src/Clock_Ip_Divider.o
 .debug_abbrev  0x00000ba4      0x1b0 ./RTD/src/Clock_Ip_DividerTrigger.o
 .debug_abbrev  0x00000d54      0x283 ./RTD/src/Clock_Ip_ExtOsc.o
 .debug_abbrev  0x00000fd7      0x163 ./RTD/src/Clock_Ip_FracDiv.o
 .debug_abbrev  0x0000113a       0x92 ./RTD/src/Clock_Ip_Frequency.o
 .debug_abbrev  0x000011cc      0x1ac ./RTD/src/Clock_Ip_Gate.o
 .debug_abbrev  0x00001378      0x25d ./RTD/src/Clock_Ip_IntOsc.o
 .debug_abbrev  0x000015d5       0x6a ./RTD/src/Clock_Ip_Irq.o
 .debug_abbrev  0x0000163f      0x27d ./RTD/src/Clock_Ip_Monitor.o
 .debug_abbrev  0x000018bc      0x231 ./RTD/src/Clock_Ip_Pll.o
 .debug_abbrev  0x00001aed      0x1aa ./RTD/src/Clock_Ip_ProgFreqSwitch.o
 .debug_abbrev  0x00001c97      0x2f8 ./RTD/src/Clock_Ip_Selector.o
 .debug_abbrev  0x00001f8f      0x31b ./RTD/src/Clock_Ip_Specific.o
 .debug_abbrev  0x000022aa      0x14e ./RTD/src/Det.o
 .debug_abbrev  0x000023f8       0xc5 ./RTD/src/Det_stub.o
 .debug_abbrev  0x000024bd       0x29 ./RTD/src/Igf_Port_Ip.o
 .debug_abbrev  0x000024e6      0x2fb ./RTD/src/IntCtrl_Ip.o
 .debug_abbrev  0x000027e1      0x3a4 ./RTD/src/Lpuart_Uart_Ip.o
 .debug_abbrev  0x00002b85       0x76 ./RTD/src/Lpuart_Uart_Ip_Irq.o
 .debug_abbrev  0x00002bfb       0x29 ./RTD/src/OsIf_Interrupts.o
 .debug_abbrev  0x00002c24      0x18f ./RTD/src/OsIf_Timer.o
 .debug_abbrev  0x00002db3       0x29 ./RTD/src/OsIf_Timer_System.o
 .debug_abbrev  0x00002ddc      0x125 ./RTD/src/OsIf_Timer_System_Internal_Systick.o
 .debug_abbrev  0x00002f01      0x124 ./RTD/src/SchM_Dio.o
 .debug_abbrev  0x00003025      0x124 ./RTD/src/SchM_Gpt.o
 .debug_abbrev  0x00003149      0x124 ./RTD/src/SchM_Mcu.o
 .debug_abbrev  0x0000326d      0x124 ./RTD/src/SchM_Port.o
 .debug_abbrev  0x00003391      0x124 ./RTD/src/SchM_Uart.o
 .debug_abbrev  0x000034b5      0x2cf ./RTD/src/Siul2_Dio_Ip.o
 .debug_abbrev  0x00003784      0x363 ./RTD/src/Siul2_Port_Ip.o
 .debug_abbrev  0x00003ae7      0x2b8 ./RTD/src/Stm_Ip.o
 .debug_abbrev  0x00003d9f      0x160 ./RTD/src/Tspc_Port_Ip.o
 .debug_abbrev  0x00003eff      0x146 ./board/Siul2_Port_Ip_Cfg.o
 .debug_abbrev  0x00004045       0x29 ./board/Tspc_Port_Ip_Cfg.o
 .debug_abbrev  0x0000406e      0x103 ./generate/src/Clock_Ip_Cfg.o
 .debug_abbrev  0x00004171       0x29 ./generate/src/Igf_Port_Ip_Cfg.o
 .debug_abbrev  0x0000419a       0xe8 ./generate/src/IntCtrl_Ip_Cfg.o
 .debug_abbrev  0x00004282       0xda ./generate/src/Lpuart_Uart_Ip_Sa_PBcfg.o
 .debug_abbrev  0x0000435c       0x29 ./generate/src/OsIf_Cfg.o
 .debug_abbrev  0x00004385       0xc8 ./generate/src/Stm_Ip_PBcfg.o
 .debug_abbrev  0x0000444d      0x2df ./src/main.o

.debug_aranges  0x00000000     0x1110
 .debug_aranges
                0x00000000       0x68 ./Project_Settings/Startup_Code/exceptions.o
 .debug_aranges
                0x00000068       0x38 ./Project_Settings/Startup_Code/nvic.o
 .debug_aranges
                0x000000a0       0x28 ./Project_Settings/Startup_Code/startup.o
 .debug_aranges
                0x000000c8       0x28 ./Project_Settings/Startup_Code/startup_cm7.o
 .debug_aranges
                0x000000f0       0x38 ./Project_Settings/Startup_Code/system.o
 .debug_aranges
                0x00000128       0x98 ./RTD/src/Clock_Ip.o
 .debug_aranges
                0x000001c0       0x18 ./RTD/src/Clock_Ip_Data.o
 .debug_aranges
                0x000001d8       0x38 ./RTD/src/Clock_Ip_Divider.o
 .debug_aranges
                0x00000210       0x30 ./RTD/src/Clock_Ip_DividerTrigger.o
 .debug_aranges
                0x00000240       0x60 ./RTD/src/Clock_Ip_ExtOsc.o
 .debug_aranges
                0x000002a0       0x28 ./RTD/src/Clock_Ip_FracDiv.o
 .debug_aranges
                0x000002c8       0x20 ./RTD/src/Clock_Ip_Frequency.o
 .debug_aranges
                0x000002e8       0x38 ./RTD/src/Clock_Ip_Gate.o
 .debug_aranges
                0x00000320       0x60 ./RTD/src/Clock_Ip_IntOsc.o
 .debug_aranges
                0x00000380       0x20 ./RTD/src/Clock_Ip_Irq.o
 .debug_aranges
                0x000003a0       0x60 ./RTD/src/Clock_Ip_Monitor.o
 .debug_aranges
                0x00000400       0x50 ./RTD/src/Clock_Ip_Pll.o
 .debug_aranges
                0x00000450       0x28 ./RTD/src/Clock_Ip_ProgFreqSwitch.o
 .debug_aranges
                0x00000478       0x58 ./RTD/src/Clock_Ip_Selector.o
 .debug_aranges
                0x000004d0       0x78 ./RTD/src/Clock_Ip_Specific.o
 .debug_aranges
                0x00000548       0x38 ./RTD/src/Det.o
 .debug_aranges
                0x00000580       0x48 ./RTD/src/Det_stub.o
 .debug_aranges
                0x000005c8       0x18 ./RTD/src/Igf_Port_Ip.o
 .debug_aranges
                0x000005e0       0xb0 ./RTD/src/IntCtrl_Ip.o
 .debug_aranges
                0x00000690       0xc0 ./RTD/src/Lpuart_Uart_Ip.o
 .debug_aranges
                0x00000750       0x20 ./RTD/src/Lpuart_Uart_Ip_Irq.o
 .debug_aranges
                0x00000770       0x18 ./RTD/src/OsIf_Interrupts.o
 .debug_aranges
                0x00000788       0x40 ./RTD/src/OsIf_Timer.o
 .debug_aranges
                0x000007c8       0x18 ./RTD/src/OsIf_Timer_System.o
 .debug_aranges
                0x000007e0       0x30 ./RTD/src/OsIf_Timer_System_Internal_Systick.o
 .debug_aranges
                0x00000810       0x40 ./RTD/src/SchM_Dio.o
 .debug_aranges
                0x00000850      0x390 ./RTD/src/SchM_Gpt.o
 .debug_aranges
                0x00000be0       0x50 ./RTD/src/SchM_Mcu.o
 .debug_aranges
                0x00000c30      0x1e0 ./RTD/src/SchM_Port.o
 .debug_aranges
                0x00000e10       0xb0 ./RTD/src/SchM_Uart.o
 .debug_aranges
                0x00000ec0       0x68 ./RTD/src/Siul2_Dio_Ip.o
 .debug_aranges
                0x00000f28       0x58 ./RTD/src/Siul2_Port_Ip.o
 .debug_aranges
                0x00000f80       0x80 ./RTD/src/Stm_Ip.o
 .debug_aranges
                0x00001000       0x28 ./RTD/src/Tspc_Port_Ip.o
 .debug_aranges
                0x00001028       0x18 ./board/Siul2_Port_Ip_Cfg.o
 .debug_aranges
                0x00001040       0x18 ./board/Tspc_Port_Ip_Cfg.o
 .debug_aranges
                0x00001058       0x18 ./generate/src/Clock_Ip_Cfg.o
 .debug_aranges
                0x00001070       0x18 ./generate/src/Igf_Port_Ip_Cfg.o
 .debug_aranges
                0x00001088       0x18 ./generate/src/IntCtrl_Ip_Cfg.o
 .debug_aranges
                0x000010a0       0x18 ./generate/src/Lpuart_Uart_Ip_Sa_PBcfg.o
 .debug_aranges
                0x000010b8       0x18 ./generate/src/OsIf_Cfg.o
 .debug_aranges
                0x000010d0       0x18 ./generate/src/Stm_Ip_PBcfg.o
 .debug_aranges
                0x000010e8       0x28 ./src/main.o

.debug_ranges   0x00000000     0x1528
 .debug_ranges  0x00000000       0x58 ./Project_Settings/Startup_Code/exceptions.o
 .debug_ranges  0x00000058       0x28 ./Project_Settings/Startup_Code/nvic.o
 .debug_ranges  0x00000080       0x18 ./Project_Settings/Startup_Code/startup.o
 .debug_ranges  0x00000098       0x20 ./Project_Settings/Startup_Code/startup_cm7.o
 .debug_ranges  0x000000b8       0x78 ./Project_Settings/Startup_Code/system.o
 .debug_ranges  0x00000130      0x110 ./RTD/src/Clock_Ip.o
 .debug_ranges  0x00000240       0x28 ./RTD/src/Clock_Ip_Divider.o
 .debug_ranges  0x00000268       0x20 ./RTD/src/Clock_Ip_DividerTrigger.o
 .debug_ranges  0x00000288       0x50 ./RTD/src/Clock_Ip_ExtOsc.o
 .debug_ranges  0x000002d8       0x18 ./RTD/src/Clock_Ip_FracDiv.o
 .debug_ranges  0x000002f0       0x10 ./RTD/src/Clock_Ip_Frequency.o
 .debug_ranges  0x00000300       0x28 ./RTD/src/Clock_Ip_Gate.o
 .debug_ranges  0x00000328       0x50 ./RTD/src/Clock_Ip_IntOsc.o
 .debug_ranges  0x00000378       0x10 ./RTD/src/Clock_Ip_Irq.o
 .debug_ranges  0x00000388       0x50 ./RTD/src/Clock_Ip_Monitor.o
 .debug_ranges  0x000003d8       0x40 ./RTD/src/Clock_Ip_Pll.o
 .debug_ranges  0x00000418       0x18 ./RTD/src/Clock_Ip_ProgFreqSwitch.o
 .debug_ranges  0x00000430       0x78 ./RTD/src/Clock_Ip_Selector.o
 .debug_ranges  0x000004a8       0x80 ./RTD/src/Clock_Ip_Specific.o
 .debug_ranges  0x00000528       0x28 ./RTD/src/Det.o
 .debug_ranges  0x00000550       0x38 ./RTD/src/Det_stub.o
 .debug_ranges  0x00000588      0x100 ./RTD/src/IntCtrl_Ip.o
 .debug_ranges  0x00000688      0x3b0 ./RTD/src/Lpuart_Uart_Ip.o
 .debug_ranges  0x00000a38       0x10 ./RTD/src/Lpuart_Uart_Ip_Irq.o
 .debug_ranges  0x00000a48       0x30 ./RTD/src/OsIf_Timer.o
 .debug_ranges  0x00000a78       0x20 ./RTD/src/OsIf_Timer_System_Internal_Systick.o
 .debug_ranges  0x00000a98       0x30 ./RTD/src/SchM_Dio.o
 .debug_ranges  0x00000ac8      0x380 ./RTD/src/SchM_Gpt.o
 .debug_ranges  0x00000e48       0x40 ./RTD/src/SchM_Mcu.o
 .debug_ranges  0x00000e88      0x1d0 ./RTD/src/SchM_Port.o
 .debug_ranges  0x00001058       0xa0 ./RTD/src/SchM_Uart.o
 .debug_ranges  0x000010f8       0x58 ./RTD/src/Siul2_Dio_Ip.o
 .debug_ranges  0x00001150       0x48 ./RTD/src/Siul2_Port_Ip.o
 .debug_ranges  0x00001198      0x310 ./RTD/src/Stm_Ip.o
 .debug_ranges  0x000014a8       0x18 ./RTD/src/Tspc_Port_Ip.o
 .debug_ranges  0x000014c0       0x68 ./src/main.o

.debug_macro    0x00000000    0x44fd2
 .debug_macro   0x00000000      0x164 ./Project_Settings/Startup_Code/exceptions.o
 .debug_macro   0x00000164      0xa9c ./Project_Settings/Startup_Code/exceptions.o
 .debug_macro   0x00000c00       0x22 ./Project_Settings/Startup_Code/exceptions.o
 .debug_macro   0x00000c22       0x56 ./Project_Settings/Startup_Code/exceptions.o
 .debug_macro   0x00000c78       0x51 ./Project_Settings/Startup_Code/exceptions.o
 .debug_macro   0x00000cc9      0x103 ./Project_Settings/Startup_Code/exceptions.o
 .debug_macro   0x00000dcc       0x6a ./Project_Settings/Startup_Code/exceptions.o
 .debug_macro   0x00000e36      0x1df ./Project_Settings/Startup_Code/exceptions.o
 .debug_macro   0x00001015       0x22 ./Project_Settings/Startup_Code/exceptions.o
 .debug_macro   0x00001037      0x16d ./Project_Settings/Startup_Code/exceptions.o
 .debug_macro   0x000011a4       0x82 ./Project_Settings/Startup_Code/exceptions.o
 .debug_macro   0x00001226      0x97b ./Project_Settings/Startup_Code/exceptions.o
 .debug_macro   0x00001ba1       0x3a ./Project_Settings/Startup_Code/exceptions.o
 .debug_macro   0x00001bdb       0xcc ./Project_Settings/Startup_Code/exceptions.o
 .debug_macro   0x00001ca7       0x67 ./Project_Settings/Startup_Code/exceptions.o
 .debug_macro   0x00001d0e       0x94 ./Project_Settings/Startup_Code/exceptions.o
 .debug_macro   0x00001da2       0xc8 ./Project_Settings/Startup_Code/exceptions.o
 .debug_macro   0x00001e6a      0x11e ./Project_Settings/Startup_Code/exceptions.o
 .debug_macro   0x00001f88       0x52 ./Project_Settings/Startup_Code/exceptions.o
 .debug_macro   0x00001fda       0x16 ./Project_Settings/Startup_Code/exceptions.o
 .debug_macro   0x00001ff0       0x7c ./Project_Settings/Startup_Code/exceptions.o
 .debug_macro   0x0000206c      0x130 ./Project_Settings/Startup_Code/exceptions.o
 .debug_macro   0x0000219c       0x6a ./Project_Settings/Startup_Code/exceptions.o
 .debug_macro   0x00002206       0x58 ./Project_Settings/Startup_Code/exceptions.o
 .debug_macro   0x0000225e       0x57 ./Project_Settings/Startup_Code/exceptions.o
 .debug_macro   0x000022b5       0x50 ./Project_Settings/Startup_Code/exceptions.o
 .debug_macro   0x00002305       0x50 ./Project_Settings/Startup_Code/exceptions.o
 .debug_macro   0x00002355      0x382 ./Project_Settings/Startup_Code/nvic.o
 .debug_macro   0x000026d7     0x51db ./Project_Settings/Startup_Code/nvic.o
 .debug_macro   0x000078b2      0xd0a ./Project_Settings/Startup_Code/nvic.o
 .debug_macro   0x000085bc      0x180 ./Project_Settings/Startup_Code/nvic.o
 .debug_macro   0x0000873c       0xf8 ./Project_Settings/Startup_Code/nvic.o
 .debug_macro   0x00008834      0x370 ./Project_Settings/Startup_Code/nvic.o
 .debug_macro   0x00008ba4      0x159 ./Project_Settings/Startup_Code/nvic.o
 .debug_macro   0x00008cfd      0xd4e ./Project_Settings/Startup_Code/nvic.o
 .debug_macro   0x00009a4b     0x18c9 ./Project_Settings/Startup_Code/nvic.o
 .debug_macro   0x0000b314      0x2ea ./Project_Settings/Startup_Code/nvic.o
 .debug_macro   0x0000b5fe       0x8e ./Project_Settings/Startup_Code/nvic.o
 .debug_macro   0x0000b68c     0x4eed ./Project_Settings/Startup_Code/nvic.o
 .debug_macro   0x00010579      0x765 ./Project_Settings/Startup_Code/nvic.o
 .debug_macro   0x00010cde      0xb9d ./Project_Settings/Startup_Code/nvic.o
 .debug_macro   0x0001187b      0x781 ./Project_Settings/Startup_Code/nvic.o
 .debug_macro   0x00011ffc      0xb4d ./Project_Settings/Startup_Code/nvic.o
 .debug_macro   0x00012b49       0x5d ./Project_Settings/Startup_Code/nvic.o
 .debug_macro   0x00012ba6      0xab9 ./Project_Settings/Startup_Code/nvic.o
 .debug_macro   0x0001365f     0x14dd ./Project_Settings/Startup_Code/nvic.o
 .debug_macro   0x00014b3c      0x867 ./Project_Settings/Startup_Code/nvic.o
 .debug_macro   0x000153a3       0xe8 ./Project_Settings/Startup_Code/nvic.o
 .debug_macro   0x0001548b       0xd6 ./Project_Settings/Startup_Code/nvic.o
 .debug_macro   0x00015561      0x106 ./Project_Settings/Startup_Code/nvic.o
 .debug_macro   0x00015667      0x507 ./Project_Settings/Startup_Code/nvic.o
 .debug_macro   0x00015b6e      0x76c ./Project_Settings/Startup_Code/nvic.o
 .debug_macro   0x000162da      0xe1f ./Project_Settings/Startup_Code/nvic.o
 .debug_macro   0x000170f9      0x923 ./Project_Settings/Startup_Code/nvic.o
 .debug_macro   0x00017a1c      0xce3 ./Project_Settings/Startup_Code/nvic.o
 .debug_macro   0x000186ff      0x2ce ./Project_Settings/Startup_Code/nvic.o
 .debug_macro   0x000189cd      0xa21 ./Project_Settings/Startup_Code/nvic.o
 .debug_macro   0x000193ee     0x1549 ./Project_Settings/Startup_Code/nvic.o
 .debug_macro   0x0001a937      0x4dc ./Project_Settings/Startup_Code/nvic.o
 .debug_macro   0x0001ae13      0x204 ./Project_Settings/Startup_Code/nvic.o
 .debug_macro   0x0001b017      0xc3b ./Project_Settings/Startup_Code/nvic.o
 .debug_macro   0x0001bc52     0x15b6 ./Project_Settings/Startup_Code/nvic.o
 .debug_macro   0x0001d208      0x529 ./Project_Settings/Startup_Code/nvic.o
 .debug_macro   0x0001d731      0x234 ./Project_Settings/Startup_Code/nvic.o
 .debug_macro   0x0001d965      0x20a ./Project_Settings/Startup_Code/nvic.o
 .debug_macro   0x0001db6f      0x2c6 ./Project_Settings/Startup_Code/nvic.o
 .debug_macro   0x0001de35       0x5c ./Project_Settings/Startup_Code/nvic.o
 .debug_macro   0x0001de91      0x23c ./Project_Settings/Startup_Code/nvic.o
 .debug_macro   0x0001e0cd      0x2d9 ./Project_Settings/Startup_Code/nvic.o
 .debug_macro   0x0001e3a6       0x5e ./Project_Settings/Startup_Code/nvic.o
 .debug_macro   0x0001e404     0x65a9 ./Project_Settings/Startup_Code/nvic.o
 .debug_macro   0x000249ad      0xf51 ./Project_Settings/Startup_Code/nvic.o
 .debug_macro   0x000258fe       0xf2 ./Project_Settings/Startup_Code/nvic.o
 .debug_macro   0x000259f0      0x2c8 ./Project_Settings/Startup_Code/nvic.o
 .debug_macro   0x00025cb8       0x78 ./Project_Settings/Startup_Code/nvic.o
 .debug_macro   0x00025d30       0xb3 ./Project_Settings/Startup_Code/nvic.o
 .debug_macro   0x00025de3      0x1c2 ./Project_Settings/Startup_Code/nvic.o
 .debug_macro   0x00025fa5      0x56e ./Project_Settings/Startup_Code/nvic.o